Archive member included to satisfy reference by file (symbol)

/home/ai-thinker/esp/esp-adf/ai-examples/recorder/pipeline_wav_sdcard/build/bootloader/main/libmain.a(bootloader_start.o)
                              (call_start_cpu0)
/home/ai-thinker/esp/esp-adf/ai-examples/recorder/pipeline_wav_sdcard/build/bootloader/bootloader_support/libbootloader_support.a(bootloader_flash.o)
                              /home/ai-thinker/esp/esp-adf/ai-examples/recorder/pipeline_wav_sdcard/build/bootloader/main/libmain.a(bootloader_start.o) (bootloader_mmap)
/home/ai-thinker/esp/esp-adf/ai-examples/recorder/pipeline_wav_sdcard/build/bootloader/bootloader_support/libbootloader_support.a(bootloader_clock.o)
                              /home/ai-thinker/esp/esp-adf/ai-examples/recorder/pipeline_wav_sdcard/build/bootloader/main/libmain.a(bootloader_start.o) (bootloader_clock_configure)
/home/ai-thinker/esp/esp-adf/ai-examples/recorder/pipeline_wav_sdcard/build/bootloader/bootloader_support/libbootloader_support.a(flash_partitions.o)
                              /home/ai-thinker/esp/esp-adf/ai-examples/recorder/pipeline_wav_sdcard/build/bootloader/main/libmain.a(bootloader_start.o) (esp_partition_table_basic_verify)
/home/ai-thinker/esp/esp-adf/ai-examples/recorder/pipeline_wav_sdcard/build/bootloader/bootloader_support/libbootloader_support.a(esp_image_format.o)
                              /home/ai-thinker/esp/esp-adf/ai-examples/recorder/pipeline_wav_sdcard/build/bootloader/main/libmain.a(bootloader_start.o) (esp_image_load)
/home/ai-thinker/esp/esp-adf/ai-examples/recorder/pipeline_wav_sdcard/build/bootloader/bootloader_support/libbootloader_support.a(bootloader_sha.o)
                              /home/ai-thinker/esp/esp-adf/ai-examples/recorder/pipeline_wav_sdcard/build/bootloader/bootloader_support/libbootloader_support.a(esp_image_format.o) (bootloader_sha256_start)
/home/ai-thinker/esp/esp-adf/ai-examples/recorder/pipeline_wav_sdcard/build/bootloader/bootloader_support/libbootloader_support.a(bootloader_random.o)
                              /home/ai-thinker/esp/esp-adf/ai-examples/recorder/pipeline_wav_sdcard/build/bootloader/bootloader_support/libbootloader_support.a(esp_image_format.o) (bootloader_fill_random)
/home/ai-thinker/esp/esp-adf/ai-examples/recorder/pipeline_wav_sdcard/build/bootloader/log/liblog.a(log.o)
                              /home/ai-thinker/esp/esp-adf/ai-examples/recorder/pipeline_wav_sdcard/build/bootloader/main/libmain.a(bootloader_start.o) (esp_log_timestamp)
/home/ai-thinker/esp/esp-adf/ai-examples/recorder/pipeline_wav_sdcard/build/bootloader/spi_flash/libspi_flash.a(spi_flash_rom_patch.o)
                              /home/ai-thinker/esp/esp-adf/ai-examples/recorder/pipeline_wav_sdcard/build/bootloader/main/libmain.a(bootloader_start.o) (esp_rom_spiflash_unlock)
/home/ai-thinker/esp/esp-adf/ai-examples/recorder/pipeline_wav_sdcard/build/bootloader/soc/libsoc.a(rtc_init.o)
                              /home/ai-thinker/esp/esp-adf/ai-examples/recorder/pipeline_wav_sdcard/build/bootloader/main/libmain.a(bootloader_start.o) (rtc_vddsdio_get_config)
/home/ai-thinker/esp/esp-adf/ai-examples/recorder/pipeline_wav_sdcard/build/bootloader/soc/libsoc.a(rtc_clk.o)
                              /home/ai-thinker/esp/esp-adf/ai-examples/recorder/pipeline_wav_sdcard/build/bootloader/bootloader_support/libbootloader_support.a(bootloader_clock.o) (rtc_clk_slow_freq_get)
/home/ai-thinker/esp/esp-adf/ai-examples/recorder/pipeline_wav_sdcard/build/bootloader/soc/libsoc.a(rtc_time.o)
                              /home/ai-thinker/esp/esp-adf/ai-examples/recorder/pipeline_wav_sdcard/build/bootloader/soc/libsoc.a(rtc_clk.o) (rtc_clk_cal_ratio)
/home/ai-thinker/esp/xtensa-esp32-elf/bin/../lib/gcc/xtensa-esp32-elf/5.2.0/libgcc.a(_bswapsi2.o)
                              /home/ai-thinker/esp/esp-adf/ai-examples/recorder/pipeline_wav_sdcard/build/bootloader/bootloader_support/libbootloader_support.a(bootloader_sha.o) (__bswapsi2)
/home/ai-thinker/esp/xtensa-esp32-elf/bin/../lib/gcc/xtensa-esp32-elf/5.2.0/libgcc.a(_udivdi3.o)
                              /home/ai-thinker/esp/esp-adf/ai-examples/recorder/pipeline_wav_sdcard/build/bootloader/soc/libsoc.a(rtc_time.o) (__udivdi3)

Allocating common symbols
Common symbol       size              file

esp_image_spi_freq_t
                    0x4               /home/ai-thinker/esp/esp-adf/ai-examples/recorder/pipeline_wav_sdcard/build/bootloader/main/libmain.a(bootloader_start.o)

Discarded input sections

 .text          0x00000000        0x0 /home/ai-thinker/esp/esp-adf/ai-examples/recorder/pipeline_wav_sdcard/build/bootloader/main/libmain.a(bootloader_start.o)
 .data          0x00000000        0x0 /home/ai-thinker/esp/esp-adf/ai-examples/recorder/pipeline_wav_sdcard/build/bootloader/main/libmain.a(bootloader_start.o)
[...]
Memory Configuration

Name             Origin             Length             Attributes
dport0_seg       0x3ff00000         0x00000010         rw
iram_seg         0x40078000         0x00008000         xrw
dram_seg         0x3fff0000         0x00010000         rw
*default*        0x00000000         0xffffffff

Linker script and memory map

START GROUP
LOAD /home/ai-thinker/esp/esp-adf/ai-examples/recorder/pipeline_wav_sdcard/build/bootloader/bootloader_support/libbootloader_support.a
LOAD /home/ai-thinker/esp/esp-adf/ai-examples/recorder/pipeline_wav_sdcard/build/bootloader/log/liblog.a
LOAD /home/ai-thinker/esp/esp-adf/ai-examples/recorder/pipeline_wav_sdcard/build/bootloader/spi_flash/libspi_flash.a
LOAD /home/ai-thinker/esp/esp-adf/ai-examples/recorder/pipeline_wav_sdcard/build/bootloader/micro-ecc/libmicro-ecc.a
LOAD /home/ai-thinker/esp/esp-adf/ai-examples/recorder/pipeline_wav_sdcard/build/bootloader/soc/libsoc.a
LOAD /home/ai-thinker/esp/esp-adf/ai-examples/recorder/pipeline_wav_sdcard/build/bootloader/main/libmain.a
LOAD /home/ai-thinker/esp/xtensa-esp32-elf/bin/../lib/gcc/xtensa-esp32-elf/5.2.0/libgcc.a
LOAD /home/ai-thinker/esp/xtensa-esp32-elf/bin/../lib/gcc/xtensa-esp32-elf/5.2.0/../../../../xtensa-esp32-elf/lib/libstdc++.a
LOAD /home/ai-thinker/esp/xtensa-esp32-elf/bin/../lib/gcc/xtensa-esp32-elf/5.2.0/libgcov.a
END GROUP

.iram1.text     0x40078000        0x0
                0x40078000                . = ALIGN (0x10)
 *(.entry.text)
 *(.init.literal)
 *(.init)

.dram0.bss      0x3fff0000       0x18
                0x3fff0000                . = ALIGN (0x8)
                0x3fff0000                _bss_start = ABSOLUTE (.)
 *(.dynsbss)
 *(.sbss)
 *(.sbss.*)
 *(.gnu.linkonce.sb.*)
 *(.scommon)
 *(.sbss2)
 *(.sbss2.*)
 *(.gnu.linkonce.sb2.*)
 *(.dynbss)
 *(.bss)
 *(.bss.*)
 .bss.mapped    0x3fff0000        0x1 /home/ai-thinker/esp/esp-adf/ai-examples/recorder/pipeline_wav_sdcard/build/bootloader/bootloader_support/libbootloader_support.a(bootloader_flash.o)
 *fill*         0x3fff0001        0x3 
 .bss.ram_obfs_value
                0x3fff0004        0x8 /home/ai-thinker/esp/esp-adf/ai-examples/recorder/pipeline_wav_sdcard/build/bootloader/bootloader_support/libbootloader_support.a(esp_image_format.o)
 .bss.words_hashed
                0x3fff000c        0x4 /home/ai-thinker/esp/esp-adf/ai-examples/recorder/pipeline_wav_sdcard/build/bootloader/bootloader_support/libbootloader_support.a(bootloader_sha.o)
 .bss.s_pll_freq
                0x3fff0010        0x4 /home/ai-thinker/esp/esp-adf/ai-examples/recorder/pipeline_wav_sdcard/build/bootloader/soc/libsoc.a(rtc_clk.o)
 .bss.s_cur_freq
                0x3fff0014        0x4 /home/ai-thinker/esp/esp-adf/ai-examples/recorder/pipeline_wav_sdcard/build/bootloader/soc/libsoc.a(rtc_clk.o)
 *(.gnu.linkonce.b.*)
 *(COMMON)
                0x3fff0018                . = ALIGN (0x8)
                0x3fff0018                _bss_end = ABSOLUTE (.)

.dram0.data     0x3fff0018        0x4
                0x3fff0018                _data_start = ABSOLUTE (.)
 *(.data)
 *(.data.*)
 .data.current_read_mapping
                0x3fff0018        0x4 /home/ai-thinker/esp/esp-adf/ai-examples/recorder/pipeline_wav_sdcard/build/bootloader/bootloader_support/libbootloader_support.a(bootloader_flash.o)
 *(.gnu.linkonce.d.*)
 *(.data1)
 *(.sdata)
 *(.sdata.*)
 *(.gnu.linkonce.s.*)
 *(.sdata2)
 *(.sdata2.*)
 *(.gnu.linkonce.s2.*)
 *(.jcr)
                0x3fff001c                _data_end = ABSOLUTE (.)

.dram0.rodata   0x3fff001c     0x15bc
                0x3fff001c                _rodata_start = ABSOLUTE (.)
 *(.rodata)
 .rodata        0x3fff001c       0x14 /home/ai-thinker/esp/esp-adf/ai-examples/recorder/pipeline_wav_sdcard/build/bootloader/main/libmain.a(bootloader_start.o)
 .rodata        0x3fff0030        0x8 /home/ai-thinker/esp/esp-adf/ai-examples/recorder/pipeline_wav_sdcard/build/bootloader/bootloader_support/libbootloader_support.a(bootloader_clock.o)
 *(.rodata.*)
 .rodata.str1.4
                0x3fff0038      0x956 /home/ai-thinker/esp/esp-adf/ai-examples/recorder/pipeline_wav_sdcard/build/bootloader/main/libmain.a(bootloader_start.o)
 *fill*         0x3fff098e        0x2 
 .rodata.__func__$3804
                0x3fff0990       0x10 /home/ai-thinker/esp/esp-adf/ai-examples/recorder/pipeline_wav_sdcard/build/bootloader/main/libmain.a(bootloader_start.o)
 .rodata.str1.4
                0x3fff09a0      0x28e /home/ai-thinker/esp/esp-adf/ai-examples/recorder/pipeline_wav_sdcard/build/bootloader/bootloader_support/libbootloader_support.a(bootloader_flash.o)
 *fill*         0x3fff0c2e        0x2 
 .rodata.str1.4
                0x3fff0c30       0xfb /home/ai-thinker/esp/esp-adf/ai-examples/recorder/pipeline_wav_sdcard/build/bootloader/bootloader_support/libbootloader_support.a(flash_partitions.o)
 *fill*         0x3fff0d2b        0x1 
 .rodata.str1.4
                0x3fff0d2c      0x45a /home/ai-thinker/esp/esp-adf/ai-examples/recorder/pipeline_wav_sdcard/build/bootloader/bootloader_support/libbootloader_support.a(esp_image_format.o)
                                0x49a (size before relaxing)
 *fill*         0x3fff1186        0x2 
 .rodata.str1.4
                0x3fff1188       0xd4 /home/ai-thinker/esp/esp-adf/ai-examples/recorder/pipeline_wav_sdcard/build/bootloader/bootloader_support/libbootloader_support.a(bootloader_sha.o)
 .rodata.padding$2493
                0x3fff125c       0x40 /home/ai-thinker/esp/esp-adf/ai-examples/recorder/pipeline_wav_sdcard/build/bootloader/bootloader_support/libbootloader_support.a(bootloader_sha.o)
 .rodata.__func__$2489
                0x3fff129c       0x19 /home/ai-thinker/esp/esp-adf/ai-examples/recorder/pipeline_wav_sdcard/build/bootloader/bootloader_support/libbootloader_support.a(bootloader_sha.o)
 *fill*         0x3fff12b5        0x3 
 .rodata.__func__$2469
                0x3fff12b8       0x17 /home/ai-thinker/esp/esp-adf/ai-examples/recorder/pipeline_wav_sdcard/build/bootloader/bootloader_support/libbootloader_support.a(bootloader_sha.o)
 *fill*         0x3fff12cf        0x1 
 .rodata.str1.4
                0x3fff12d0      0x260 /home/ai-thinker/esp/esp-adf/ai-examples/recorder/pipeline_wav_sdcard/build/bootloader/soc/libsoc.a(rtc_clk.o)
                                0x25d (size before relaxing)
 .rodata.rtc_clk_xtal_freq_estimate
                0x3fff1530       0x64 /home/ai-thinker/esp/esp-adf/ai-examples/recorder/pipeline_wav_sdcard/build/bootloader/soc/libsoc.a(rtc_clk.o)
 .rodata.rtc_clk_cpu_freq_value
                0x3fff1594       0x14 /home/ai-thinker/esp/esp-adf/ai-examples/recorder/pipeline_wav_sdcard/build/bootloader/soc/libsoc.a(rtc_clk.o)
 .rodata.__func__$2616
                0x3fff15a8       0x17 /home/ai-thinker/esp/esp-adf/ai-examples/recorder/pipeline_wav_sdcard/build/bootloader/soc/libsoc.a(rtc_clk.o)
 *fill*         0x3fff15bf        0x1 
 .rodata.__func__$2601
                0x3fff15c0       0x15 /home/ai-thinker/esp/esp-adf/ai-examples/recorder/pipeline_wav_sdcard/build/bootloader/soc/libsoc.a(rtc_clk.o)
 *(.gnu.linkonce.r.*)
 *(.rodata1)
                0x3fff15d5                __XT_EXCEPTION_TABLE_ = ABSOLUTE (.)
 *(.xt_except_table)
 *(.gcc_except_table)
 *(.gnu.linkonce.e.*)
 *(.gnu.version_r)
 *(.eh_frame)
                0x3fff15d8                . = ((. + 0x3) & 0xfffffffc)
 *fill*         0x3fff15d5        0x3 
                0x3fff15d8                __init_array_start = ABSOLUTE (.)
 *crtbegin.o(.ctors)
 *(EXCLUDE_FILE(*crtend.o) .ctors)
 *(SORT(.ctors.*))
 *(.ctors)
                0x3fff15d8                __init_array_end = ABSOLUTE (.)
 *crtbegin.o(.dtors)
 *(EXCLUDE_FILE(*crtend.o) .dtors)
 *(SORT(.dtors.*))
 *(.dtors)
                0x3fff15d8                __XT_EXCEPTION_DESCS_ = ABSOLUTE (.)
 *(.xt_except_desc)
 *(.gnu.linkonce.h.*)
                0x3fff15d8                __XT_EXCEPTION_DESCS_END__ = ABSOLUTE (.)
 *(.xt_except_desc_end)
 *(.dynamic)
 *(.gnu.version_d)
                0x3fff15d8                _rodata_end = ABSOLUTE (.)
                0x3fff15d8                _lit4_start = ABSOLUTE (.)
 *(*.lit4)
 *(.lit4.*)
 *(.gnu.linkonce.lit4.*)
                0x3fff15d8                _lit4_end = ABSOLUTE (.)
                0x3fff15d8                . = ALIGN (0x4)
                0x3fff15d8                _heap_start = ABSOLUTE (.)

.iram.text      0x40078000     0x35bb
                0x40078000                _stext = .
                0x40078000                _text_start = ABSOLUTE (.)
 *(.literal .text .literal.* .text.* .stub .gnu.warning .gnu.linkonce.literal.* .gnu.linkonce.t.*.literal .gnu.linkonce.t.*)
 .literal.wdt_reset_cpu0_info_enable
                0x40078000        0x4 /home/ai-thinker/esp/esp-adf/ai-examples/recorder/pipeline_wav_sdcard/build/bootloader/main/libmain.a(bootloader_start.o)
 .literal.wdt_reset_info_dump
                0x40078004       0x60 /home/ai-thinker/esp/esp-adf/ai-examples/recorder/pipeline_wav_sdcard/build/bootloader/main/libmain.a(bootloader_start.o)
                                 0x6c (size before relaxing)
 .literal.print_flash_info
                0x40078064       0x4c /home/ai-thinker/esp/esp-adf/ai-examples/recorder/pipeline_wav_sdcard/build/bootloader/main/libmain.a(bootloader_start.o)
                                 0x68 (size before relaxing)
 .literal.log_invalid_app_partition
                0x400780b0       0x10 /home/ai-thinker/esp/esp-adf/ai-examples/recorder/pipeline_wav_sdcard/build/bootloader/main/libmain.a(bootloader_start.o)
                                 0x2c (size before relaxing)
 .literal.vddsdio_configure
                0x400780c0        0x4 /home/ai-thinker/esp/esp-adf/ai-examples/recorder/pipeline_wav_sdcard/build/bootloader/main/libmain.a(bootloader_start.o)
                                  0xc (size before relaxing)
 .literal.uart_console_configure
                0x400780c4       0x14 /home/ai-thinker/esp/esp-adf/ai-examples/recorder/pipeline_wav_sdcard/build/bootloader/main/libmain.a(bootloader_start.o)
                                 0x18 (size before relaxing)
 .literal.wdt_reset_check
                0x400780d8        0xc /home/ai-thinker/esp/esp-adf/ai-examples/recorder/pipeline_wav_sdcard/build/bootloader/main/libmain.a(bootloader_start.o)
                                 0x30 (size before relaxing)
 .literal.update_flash_config
                0x400780e4       0x20 /home/ai-thinker/esp/esp-adf/ai-examples/recorder/pipeline_wav_sdcard/build/bootloader/main/libmain.a(bootloader_start.o)
 .literal.ota_select_crc
                0x40078104        0x4 /home/ai-thinker/esp/esp-adf/ai-examples/recorder/pipeline_wav_sdcard/build/bootloader/main/libmain.a(bootloader_start.o)
 .literal.ota_select_valid
                0x40078108        0x0 /home/ai-thinker/esp/esp-adf/ai-examples/recorder/pipeline_wav_sdcard/build/bootloader/main/libmain.a(bootloader_start.o)
                                  0x4 (size before relaxing)
 .literal.get_selected_boot_partition
                0x40078108       0x20 /home/ai-thinker/esp/esp-adf/ai-examples/recorder/pipeline_wav_sdcard/build/bootloader/main/libmain.a(bootloader_start.o)
                                 0x70 (size before relaxing)
 .literal.try_load_partition
                0x40078128        0x4 /home/ai-thinker/esp/esp-adf/ai-examples/recorder/pipeline_wav_sdcard/build/bootloader/main/libmain.a(bootloader_start.o)
                                 0x14 (size before relaxing)
 .literal.load_boot_image
                0x4007812c        0xc /home/ai-thinker/esp/esp-adf/ai-examples/recorder/pipeline_wav_sdcard/build/bootloader/main/libmain.a(bootloader_start.o)
                                 0x3c (size before relaxing)
 .literal.set_cache_and_start_app
                0x40078138       0x14 /home/ai-thinker/esp/esp-adf/ai-examples/recorder/pipeline_wav_sdcard/build/bootloader/main/libmain.a(bootloader_start.o)
                                 0x30 (size before relaxing)
 .literal.unpack_load_app
                0x4007814c       0x1c /home/ai-thinker/esp/esp-adf/ai-examples/recorder/pipeline_wav_sdcard/build/bootloader/main/libmain.a(bootloader_start.o)
                                 0x34 (size before relaxing)
 .literal.load_partition_table
                0x40078168       0x40 /home/ai-thinker/esp/esp-adf/ai-examples/recorder/pipeline_wav_sdcard/build/bootloader/main/libmain.a(bootloader_start.o)
                                 0x84 (size before relaxing)
 .literal.bootloader_main
                0x400781a8       0x2c /home/ai-thinker/esp/esp-adf/ai-examples/recorder/pipeline_wav_sdcard/build/bootloader/main/libmain.a(bootloader_start.o)
                                 0xa4 (size before relaxing)
 .literal.__assert_func
                0x400781d4        0x4 /home/ai-thinker/esp/esp-adf/ai-examples/recorder/pipeline_wav_sdcard/build/bootloader/main/libmain.a(bootloader_start.o)
                                 0x10 (size before relaxing)
 .literal.call_start_cpu0
                0x400781d8       0x3c /home/ai-thinker/esp/esp-adf/ai-examples/recorder/pipeline_wav_sdcard/build/bootloader/main/libmain.a(bootloader_start.o)
                                 0x74 (size before relaxing)
 .literal.spi_to_esp_err
                0x40078214        0x8 /home/ai-thinker/esp/esp-adf/ai-examples/recorder/pipeline_wav_sdcard/build/bootloader/bootloader_support/libbootloader_support.a(bootloader_flash.o)
 .literal.bootloader_flash_read_allow_decrypt
                0x4007821c       0x10 /home/ai-thinker/esp/esp-adf/ai-examples/recorder/pipeline_wav_sdcard/build/bootloader/bootloader_support/libbootloader_support.a(bootloader_flash.o)
                                 0x30 (size before relaxing)
 .literal.bootloader_flash_read_no_decrypt
                0x4007822c        0x0 /home/ai-thinker/esp/esp-adf/ai-examples/recorder/pipeline_wav_sdcard/build/bootloader/bootloader_support/libbootloader_support.a(bootloader_flash.o)
                                 0x14 (size before relaxing)
 .literal.bootloader_mmap
                0x4007822c       0x14 /home/ai-thinker/esp/esp-adf/ai-examples/recorder/pipeline_wav_sdcard/build/bootloader/bootloader_support/libbootloader_support.a(bootloader_flash.o)
                                 0x50 (size before relaxing)
 .literal.bootloader_munmap
                0x40078240        0x0 /home/ai-thinker/esp/esp-adf/ai-examples/recorder/pipeline_wav_sdcard/build/bootloader/bootloader_support/libbootloader_support.a(bootloader_flash.o)
                                 0x14 (size before relaxing)
 .literal.bootloader_flash_read
                0x40078240        0xc /home/ai-thinker/esp/esp-adf/ai-examples/recorder/pipeline_wav_sdcard/build/bootloader/bootloader_support/libbootloader_support.a(bootloader_flash.o)
                                 0x30 (size before relaxing)
 .literal.bootloader_clock_configure
                0x4007824c       0x10 /home/ai-thinker/esp/esp-adf/ai-examples/recorder/pipeline_wav_sdcard/build/bootloader/bootloader_support/libbootloader_support.a(bootloader_clock.o)
                                 0x20 (size before relaxing)
 .literal.esp_partition_table_basic_verify
                0x4007825c       0x14 /home/ai-thinker/esp/esp-adf/ai-examples/recorder/pipeline_wav_sdcard/build/bootloader/bootloader_support/libbootloader_support.a(flash_partitions.o)
                                 0x30 (size before relaxing)
 .literal.should_map
                0x40078270        0x0 /home/ai-thinker/esp/esp-adf/ai-examples/recorder/pipeline_wav_sdcard/build/bootloader/bootloader_support/libbootloader_support.a(esp_image_format.o)
                                 0x10 (size before relaxing)
 .literal.verify_image_header
                0x40078270       0x14 /home/ai-thinker/esp/esp-adf/ai-examples/recorder/pipeline_wav_sdcard/build/bootloader/bootloader_support/libbootloader_support.a(esp_image_format.o)
                                 0x2c (size before relaxing)
 .literal.verify_segment_header
                0x40078284        0xc /home/ai-thinker/esp/esp-adf/ai-examples/recorder/pipeline_wav_sdcard/build/bootloader/bootloader_support/libbootloader_support.a(esp_image_format.o)
                                 0x28 (size before relaxing)
 .literal.verify_checksum
                0x40078290        0x4 /home/ai-thinker/esp/esp-adf/ai-examples/recorder/pipeline_wav_sdcard/build/bootloader/bootloader_support/libbootloader_support.a(esp_image_format.o)
                                 0x1c (size before relaxing)
 .literal.process_segment_data
                0x40078294        0x8 /home/ai-thinker/esp/esp-adf/ai-examples/recorder/pipeline_wav_sdcard/build/bootloader/bootloader_support/libbootloader_support.a(esp_image_format.o)
                                 0x24 (size before relaxing)
 .literal.verify_simple_hash
                0x4007829c        0x8 /home/ai-thinker/esp/esp-adf/ai-examples/recorder/pipeline_wav_sdcard/build/bootloader/bootloader_support/libbootloader_support.a(esp_image_format.o)
                                 0x2c (size before relaxing)
 .literal.should_load
                0x400782a4        0xc /home/ai-thinker/esp/esp-adf/ai-examples/recorder/pipeline_wav_sdcard/build/bootloader/bootloader_support/libbootloader_support.a(esp_image_format.o)
                                 0x18 (size before relaxing)
 .literal.process_segment
                0x400782b0       0x20 /home/ai-thinker/esp/esp-adf/ai-examples/recorder/pipeline_wav_sdcard/build/bootloader/bootloader_support/libbootloader_support.a(esp_image_format.o)
                                 0x60 (size before relaxing)
 .literal.esp_image_load
                0x400782d0       0x14 /home/ai-thinker/esp/esp-adf/ai-examples/recorder/pipeline_wav_sdcard/build/bootloader/bootloader_support/libbootloader_support.a(esp_image_format.o)
                                 0x74 (size before relaxing)
 .literal.bootloader_sha256_start
                0x400782e4        0x8 /home/ai-thinker/esp/esp-adf/ai-examples/recorder/pipeline_wav_sdcard/build/bootloader/bootloader_support/libbootloader_support.a(bootloader_sha.o)
 .literal.bootloader_sha256_data
                0x400782ec       0x20 /home/ai-thinker/esp/esp-adf/ai-examples/recorder/pipeline_wav_sdcard/build/bootloader/bootloader_support/libbootloader_support.a(bootloader_sha.o)
                                 0x30 (size before relaxing)
 .literal.bootloader_sha256_finish
                0x4007830c       0x18 /home/ai-thinker/esp/esp-adf/ai-examples/recorder/pipeline_wav_sdcard/build/bootloader/bootloader_support/libbootloader_support.a(bootloader_sha.o)
                                 0x4c (size before relaxing)
 .literal.bootloader_fill_random
                0x40078324        0x8 /home/ai-thinker/esp/esp-adf/ai-examples/recorder/pipeline_wav_sdcard/build/bootloader/bootloader_support/libbootloader_support.a(bootloader_random.o)
 .literal.bootloader_random_enable
                0x4007832c       0x6c /home/ai-thinker/esp/esp-adf/ai-examples/recorder/pipeline_wav_sdcard/build/bootloader/bootloader_support/libbootloader_support.a(bootloader_random.o)
                                 0x78 (size before relaxing)
 .literal.bootloader_random_disable
                0x40078398       0x1c /home/ai-thinker/esp/esp-adf/ai-examples/recorder/pipeline_wav_sdcard/build/bootloader/bootloader_support/libbootloader_support.a(bootloader_random.o)
                                 0x4c (size before relaxing)
 .literal.esp_log_early_timestamp
                0x400783b4        0x8 /home/ai-thinker/esp/esp-adf/ai-examples/recorder/pipeline_wav_sdcard/build/bootloader/log/liblog.a(log.o)
 .literal.esp_rom_spiflash_read_status
                0x400783bc       0x10 /home/ai-thinker/esp/esp-adf/ai-examples/recorder/pipeline_wav_sdcard/build/bootloader/spi_flash/libspi_flash.a(spi_flash_rom_patch.o)
                                 0x14 (size before relaxing)
 .literal.esp_rom_spiflash_wait_idle
                0x400783cc        0x8 /home/ai-thinker/esp/esp-adf/ai-examples/recorder/pipeline_wav_sdcard/build/bootloader/spi_flash/libspi_flash.a(spi_flash_rom_patch.o)
                                  0xc (size before relaxing)
 .literal.esp_rom_spiflash_read_data
                0x400783d4       0x10 /home/ai-thinker/esp/esp-adf/ai-examples/recorder/pipeline_wav_sdcard/build/bootloader/spi_flash/libspi_flash.a(spi_flash_rom_patch.o)
                                 0x18 (size before relaxing)
 .literal.esp_rom_spiflash_read_statushigh
                0x400783e4        0x4 /home/ai-thinker/esp/esp-adf/ai-examples/recorder/pipeline_wav_sdcard/build/bootloader/spi_flash/libspi_flash.a(spi_flash_rom_patch.o)
                                  0xc (size before relaxing)
 .literal.esp_rom_spiflash_write_status
                0x400783e8        0x0 /home/ai-thinker/esp/esp-adf/ai-examples/recorder/pipeline_wav_sdcard/build/bootloader/spi_flash/libspi_flash.a(spi_flash_rom_patch.o)
                                 0x14 (size before relaxing)
 .literal.esp_rom_spiflash_unlock
                0x400783e8        0xc /home/ai-thinker/esp/esp-adf/ai-examples/recorder/pipeline_wav_sdcard/build/bootloader/spi_flash/libspi_flash.a(spi_flash_rom_patch.o)
                                 0x28 (size before relaxing)
 .literal.esp_rom_spiflash_read
                0x400783f4       0x3c /home/ai-thinker/esp/esp-adf/ai-examples/recorder/pipeline_wav_sdcard/build/bootloader/spi_flash/libspi_flash.a(spi_flash_rom_patch.o)
                                 0x5c (size before relaxing)
 .literal.rtc_vddsdio_get_config
                0x40078430       0x24 /home/ai-thinker/esp/esp-adf/ai-examples/recorder/pipeline_wav_sdcard/build/bootloader/soc/libsoc.a(rtc_init.o)
                                 0x30 (size before relaxing)
 .literal.rtc_vddsdio_set_config
                0x40078454        0x4 /home/ai-thinker/esp/esp-adf/ai-examples/recorder/pipeline_wav_sdcard/build/bootloader/soc/libsoc.a(rtc_init.o)
                                  0x8 (size before relaxing)
 .literal.rtc_clk_32k_enable_internal
                0x40078458       0x10 /home/ai-thinker/esp/esp-adf/ai-examples/recorder/pipeline_wav_sdcard/build/bootloader/soc/libsoc.a(rtc_clk.o)
                                 0x14 (size before relaxing)
 .literal.rtc_clk_32k_enable
                0x40078468        0x4 /home/ai-thinker/esp/esp-adf/ai-examples/recorder/pipeline_wav_sdcard/build/bootloader/soc/libsoc.a(rtc_clk.o)
                                  0xc (size before relaxing)
 .literal.rtc_clk_8m_enable
                0x4007846c        0xc /home/ai-thinker/esp/esp-adf/ai-examples/recorder/pipeline_wav_sdcard/build/bootloader/soc/libsoc.a(rtc_clk.o)
                                 0x10 (size before relaxing)
 .literal.rtc_clk_8m_enabled
                0x40078478        0x0 /home/ai-thinker/esp/esp-adf/ai-examples/recorder/pipeline_wav_sdcard/build/bootloader/soc/libsoc.a(rtc_clk.o)
                                  0x4 (size before relaxing)
 .literal.rtc_clk_8md256_enabled
                0x40078478        0x0 /home/ai-thinker/esp/esp-adf/ai-examples/recorder/pipeline_wav_sdcard/build/bootloader/soc/libsoc.a(rtc_clk.o)
                                  0x4 (size before relaxing)
 .literal.rtc_clk_xtal_freq_estimate
                0x40078478       0x14 /home/ai-thinker/esp/esp-adf/ai-examples/recorder/pipeline_wav_sdcard/build/bootloader/soc/libsoc.a(rtc_clk.o)
                                 0x3c (size before relaxing)
 .literal.rtc_clk_slow_freq_set
                0x4007848c        0x0 /home/ai-thinker/esp/esp-adf/ai-examples/recorder/pipeline_wav_sdcard/build/bootloader/soc/libsoc.a(rtc_clk.o)
                                  0xc (size before relaxing)
 .literal.rtc_clk_slow_freq_get
                0x4007848c        0x0 /home/ai-thinker/esp/esp-adf/ai-examples/recorder/pipeline_wav_sdcard/build/bootloader/soc/libsoc.a(rtc_clk.o)
                                  0x4 (size before relaxing)
 .literal.rtc_clk_fast_freq_set
                0x4007848c        0x0 /home/ai-thinker/esp/esp-adf/ai-examples/recorder/pipeline_wav_sdcard/build/bootloader/soc/libsoc.a(rtc_clk.o)
                                  0xc (size before relaxing)
 .literal.rtc_clk_fast_freq_get
                0x4007848c        0x0 /home/ai-thinker/esp/esp-adf/ai-examples/recorder/pipeline_wav_sdcard/build/bootloader/soc/libsoc.a(rtc_clk.o)
                                  0x4 (size before relaxing)
 .literal.rtc_clk_bbpll_set
                0x4007848c       0x10 /home/ai-thinker/esp/esp-adf/ai-examples/recorder/pipeline_wav_sdcard/build/bootloader/soc/libsoc.a(rtc_clk.o)
                                 0x38 (size before relaxing)
 .literal.rtc_clk_xtal_freq_get
                0x4007849c        0x8 /home/ai-thinker/esp/esp-adf/ai-examples/recorder/pipeline_wav_sdcard/build/bootloader/soc/libsoc.a(rtc_clk.o)
                                 0x1c (size before relaxing)
 .literal.rtc_clk_cpu_freq_get
                0x400784a4       0x14 /home/ai-thinker/esp/esp-adf/ai-examples/recorder/pipeline_wav_sdcard/build/bootloader/soc/libsoc.a(rtc_clk.o)
                                 0x28 (size before relaxing)
 .literal.rtc_clk_cpu_freq_value
                0x400784b8       0x20 /home/ai-thinker/esp/esp-adf/ai-examples/recorder/pipeline_wav_sdcard/build/bootloader/soc/libsoc.a(rtc_clk.o)
                                 0x2c (size before relaxing)
 .literal.rtc_clk_xtal_freq_update
                0x400784d8        0x0 /home/ai-thinker/esp/esp-adf/ai-examples/recorder/pipeline_wav_sdcard/build/bootloader/soc/libsoc.a(rtc_clk.o)
                                  0x8 (size before relaxing)
 .literal.rtc_clk_apb_freq_update
                0x400784d8        0x4 /home/ai-thinker/esp/esp-adf/ai-examples/recorder/pipeline_wav_sdcard/build/bootloader/soc/libsoc.a(rtc_clk.o)
                                  0x8 (size before relaxing)
 .literal.rtc_clk_cpu_freq_set
                0x400784dc       0x1c /home/ai-thinker/esp/esp-adf/ai-examples/recorder/pipeline_wav_sdcard/build/bootloader/soc/libsoc.a(rtc_clk.o)
                                 0x78 (size before relaxing)
 .literal.rtc_clk_apb_freq_get
                0x400784f8        0x8 /home/ai-thinker/esp/esp-adf/ai-examples/recorder/pipeline_wav_sdcard/build/bootloader/soc/libsoc.a(rtc_clk.o)
                                 0x14 (size before relaxing)
 .literal.rtc_clk_init
                0x40078500       0x20 /home/ai-thinker/esp/esp-adf/ai-examples/recorder/pipeline_wav_sdcard/build/bootloader/soc/libsoc.a(rtc_clk.o)
                                 0x94 (size before relaxing)
 .literal.rtc_clk_cal_internal
                0x40078520       0x20 /home/ai-thinker/esp/esp-adf/ai-examples/recorder/pipeline_wav_sdcard/build/bootloader/soc/libsoc.a(rtc_time.o)
                                 0x3c (size before relaxing)
 .literal.rtc_clk_cal_ratio
                0x40078540        0x0 /home/ai-thinker/esp/esp-adf/ai-examples/recorder/pipeline_wav_sdcard/build/bootloader/soc/libsoc.a(rtc_time.o)
                                  0x8 (size before relaxing)
 .literal.rtc_clk_wait_for_slow_cycle
                0x40078540        0x8 /home/ai-thinker/esp/esp-adf/ai-examples/recorder/pipeline_wav_sdcard/build/bootloader/soc/libsoc.a(rtc_time.o)
                                 0x20 (size before relaxing)
 .literal       0x40078548        0x8 /home/ai-thinker/esp/xtensa-esp32-elf/bin/../lib/gcc/xtensa-esp32-elf/5.2.0/libgcc.a(_bswapsi2.o)
 .iram1.literal
                0x40078550       0x30 /home/ai-thinker/esp/esp-adf/ai-examples/recorder/pipeline_wav_sdcard/build/bootloader/main/libmain.a(bootloader_start.o)
                                 0x60 (size before relaxing)
 .text.wdt_reset_cpu0_info_enable
                0x40078580       0x27 /home/ai-thinker/esp/esp-adf/ai-examples/recorder/pipeline_wav_sdcard/build/bootloader/main/libmain.a(bootloader_start.o)
 *fill*         0x400785a7        0x1 
 .text.wdt_reset_info_dump
                0x400785a8       0xe6 /home/ai-thinker/esp/esp-adf/ai-examples/recorder/pipeline_wav_sdcard/build/bootloader/main/libmain.a(bootloader_start.o)
 *fill*         0x4007868e        0x2 
 .text.print_flash_info
                0x40078690       0xee /home/ai-thinker/esp/esp-adf/ai-examples/recorder/pipeline_wav_sdcard/build/bootloader/main/libmain.a(bootloader_start.o)
                                 0xf2 (size before relaxing)
 *fill*         0x4007877e        0x2 
 .text.log_invalid_app_partition
                0x40078780       0x57 /home/ai-thinker/esp/esp-adf/ai-examples/recorder/pipeline_wav_sdcard/build/bootloader/main/libmain.a(bootloader_start.o)
                                 0x5b (size before relaxing)
 *fill*         0x400787d7        0x1 
 .text.vddsdio_configure
                0x400787d8       0x33 /home/ai-thinker/esp/esp-adf/ai-examples/recorder/pipeline_wav_sdcard/build/bootloader/main/libmain.a(bootloader_start.o)
                                 0x37 (size before relaxing)
 *fill*         0x4007880b        0x1 
 .text.uart_console_configure
                0x4007880c       0x36 /home/ai-thinker/esp/esp-adf/ai-examples/recorder/pipeline_wav_sdcard/build/bootloader/main/libmain.a(bootloader_start.o)
                                 0x3a (size before relaxing)
 *fill*         0x40078842        0x2 
 .text.wdt_reset_check
                0x40078844       0xa2 /home/ai-thinker/esp/esp-adf/ai-examples/recorder/pipeline_wav_sdcard/build/bootloader/main/libmain.a(bootloader_start.o)
                                 0xae (size before relaxing)
 *fill*         0x400788e6        0x2 
 .text.update_flash_config
                0x400788e8       0x68 /home/ai-thinker/esp/esp-adf/ai-examples/recorder/pipeline_wav_sdcard/build/bootloader/main/libmain.a(bootloader_start.o)
 .text.ota_select_crc
                0x40078950       0x14 /home/ai-thinker/esp/esp-adf/ai-examples/recorder/pipeline_wav_sdcard/build/bootloader/main/libmain.a(bootloader_start.o)
 .text.ota_select_valid
                0x40078964       0x20 /home/ai-thinker/esp/esp-adf/ai-examples/recorder/pipeline_wav_sdcard/build/bootloader/main/libmain.a(bootloader_start.o)
                                 0x24 (size before relaxing)
 .text.get_selected_boot_partition
                0x40078984      0x140 /home/ai-thinker/esp/esp-adf/ai-examples/recorder/pipeline_wav_sdcard/build/bootloader/main/libmain.a(bootloader_start.o)
                                0x14c (size before relaxing)
 .text.try_load_partition
                0x40078ac4       0x34 /home/ai-thinker/esp/esp-adf/ai-examples/recorder/pipeline_wav_sdcard/build/bootloader/main/libmain.a(bootloader_start.o)
                                 0x38 (size before relaxing)
 .text.load_boot_image
                0x40078af8       0xa6 /home/ai-thinker/esp/esp-adf/ai-examples/recorder/pipeline_wav_sdcard/build/bootloader/main/libmain.a(bootloader_start.o)
                                 0xba (size before relaxing)
 *fill*         0x40078b9e        0x2 
 .text.set_cache_and_start_app
                0x40078ba0       0xcf /home/ai-thinker/esp/esp-adf/ai-examples/recorder/pipeline_wav_sdcard/build/bootloader/main/libmain.a(bootloader_start.o)
 *fill*         0x40078c6f        0x1 
 .text.unpack_load_app
                0x40078c70       0xb2 /home/ai-thinker/esp/esp-adf/ai-examples/recorder/pipeline_wav_sdcard/build/bootloader/main/libmain.a(bootloader_start.o)
                                 0xb6 (size before relaxing)
 *fill*         0x40078d22        0x2 
 .text.load_partition_table
                0x40078d24      0x160 /home/ai-thinker/esp/esp-adf/ai-examples/recorder/pipeline_wav_sdcard/build/bootloader/main/libmain.a(bootloader_start.o)
                                0x17c (size before relaxing)
                0x40078d24                load_partition_table
 .text.bootloader_main
                0x40078e84      0x10f /home/ai-thinker/esp/esp-adf/ai-examples/recorder/pipeline_wav_sdcard/build/bootloader/main/libmain.a(bootloader_start.o)
                                0x14f (size before relaxing)
                0x40078e84                bootloader_main
 *fill*         0x40078f93        0x1 
 .text.__assert_func
                0x40078f94       0x1f /home/ai-thinker/esp/esp-adf/ai-examples/recorder/pipeline_wav_sdcard/build/bootloader/main/libmain.a(bootloader_start.o)
                                 0x23 (size before relaxing)
                0x40078f94                __assert_func
 *fill*         0x40078fb3        0x1 
 .text.call_start_cpu0
                0x40078fb4      0x127 /home/ai-thinker/esp/esp-adf/ai-examples/recorder/pipeline_wav_sdcard/build/bootloader/main/libmain.a(bootloader_start.o)
                                0x133 (size before relaxing)
                0x40078fb4                call_start_cpu0
 *fill*         0x400790db        0x1 
 .text.spi_to_esp_err
                0x400790dc       0x22 /home/ai-thinker/esp/esp-adf/ai-examples/recorder/pipeline_wav_sdcard/build/bootloader/bootloader_support/libbootloader_support.a(bootloader_flash.o)
 *fill*         0x400790fe        0x2 
 .text.bootloader_flash_read_allow_decrypt
                0x40079100       0x97 /home/ai-thinker/esp/esp-adf/ai-examples/recorder/pipeline_wav_sdcard/build/bootloader/bootloader_support/libbootloader_support.a(bootloader_flash.o)
                                 0x9b (size before relaxing)
 *fill*         0x40079197        0x1 
 .text.bootloader_flash_read_no_decrypt
                0x40079198       0x32 /home/ai-thinker/esp/esp-adf/ai-examples/recorder/pipeline_wav_sdcard/build/bootloader/bootloader_support/libbootloader_support.a(bootloader_flash.o)
                                 0x36 (size before relaxing)
 *fill*         0x400791ca        0x2 
 .text.bootloader_mmap
                0x400791cc       0xb1 /home/ai-thinker/esp/esp-adf/ai-examples/recorder/pipeline_wav_sdcard/build/bootloader/bootloader_support/libbootloader_support.a(bootloader_flash.o)
                                 0xb9 (size before relaxing)
                0x400791cc                bootloader_mmap
 *fill*         0x4007927d        0x3 
 .text.bootloader_munmap
                0x40079280       0x36 /home/ai-thinker/esp/esp-adf/ai-examples/recorder/pipeline_wav_sdcard/build/bootloader/bootloader_support/libbootloader_support.a(bootloader_flash.o)
                0x40079280                bootloader_munmap
 *fill*         0x400792b6        0x2 
 .text.bootloader_flash_read
                0x400792b8       0x86 /home/ai-thinker/esp/esp-adf/ai-examples/recorder/pipeline_wav_sdcard/build/bootloader/bootloader_support/libbootloader_support.a(bootloader_flash.o)
                0x400792b8                bootloader_flash_read
 *fill*         0x4007933e        0x2 
 .text.bootloader_clock_configure
                0x40079340       0x6e /home/ai-thinker/esp/esp-adf/ai-examples/recorder/pipeline_wav_sdcard/build/bootloader/bootloader_support/libbootloader_support.a(bootloader_clock.o)
                                 0x76 (size before relaxing)
                0x40079340                bootloader_clock_configure
 *fill*         0x400793ae        0x2 
 .text.esp_partition_table_basic_verify
                0x400793b0       0xb1 /home/ai-thinker/esp/esp-adf/ai-examples/recorder/pipeline_wav_sdcard/build/bootloader/bootloader_support/libbootloader_support.a(flash_partitions.o)
                                 0xb5 (size before relaxing)
                0x400793b0                esp_partition_table_basic_verify
 *fill*         0x40079461        0x3 
 .text.should_map
                0x40079464       0x30 /home/ai-thinker/esp/esp-adf/ai-examples/recorder/pipeline_wav_sdcard/build/bootloader/bootloader_support/libbootloader_support.a(esp_image_format.o)
 .text.verify_image_header
                0x40079494       0x7e /home/ai-thinker/esp/esp-adf/ai-examples/recorder/pipeline_wav_sdcard/build/bootloader/bootloader_support/libbootloader_support.a(esp_image_format.o)
 *fill*         0x40079512        0x2 
 .text.verify_segment_header
                0x40079514       0x71 /home/ai-thinker/esp/esp-adf/ai-examples/recorder/pipeline_wav_sdcard/build/bootloader/bootloader_support/libbootloader_support.a(esp_image_format.o)
                                 0x79 (size before relaxing)
 *fill*         0x40079585        0x3 
 .text.verify_checksum
                0x40079588       0x87 /home/ai-thinker/esp/esp-adf/ai-examples/recorder/pipeline_wav_sdcard/build/bootloader/bootloader_support/libbootloader_support.a(esp_image_format.o)
                                 0x8f (size before relaxing)
 *fill*         0x4007960f        0x1 
 .text.process_segment_data
                0x40079610       0xa4 /home/ai-thinker/esp/esp-adf/ai-examples/recorder/pipeline_wav_sdcard/build/bootloader/bootloader_support/libbootloader_support.a(esp_image_format.o)
                                 0xb0 (size before relaxing)
 .text.verify_simple_hash
                0x400796b4       0x5b /home/ai-thinker/esp/esp-adf/ai-examples/recorder/pipeline_wav_sdcard/build/bootloader/bootloader_support/libbootloader_support.a(esp_image_format.o)
                                 0x6a (size before relaxing)
 *fill*         0x4007970f        0x1 
 .text.should_load
                0x40079710       0x44 /home/ai-thinker/esp/esp-adf/ai-examples/recorder/pipeline_wav_sdcard/build/bootloader/bootloader_support/libbootloader_support.a(esp_image_format.o)
                                 0x48 (size before relaxing)
 .text.process_segment
                0x40079754      0x13a /home/ai-thinker/esp/esp-adf/ai-examples/recorder/pipeline_wav_sdcard/build/bootloader/bootloader_support/libbootloader_support.a(esp_image_format.o)
                                0x146 (size before relaxing)
 *fill*         0x4007988e        0x2 
 .text.esp_image_load
                0x40079890      0x24a /home/ai-thinker/esp/esp-adf/ai-examples/recorder/pipeline_wav_sdcard/build/bootloader/bootloader_support/libbootloader_support.a(esp_image_format.o)
                                0x262 (size before relaxing)
                0x40079890                esp_image_load
 *fill*         0x40079ada        0x2 
 .text.bootloader_sha256_start
                0x40079adc       0x12 /home/ai-thinker/esp/esp-adf/ai-examples/recorder/pipeline_wav_sdcard/build/bootloader/bootloader_support/libbootloader_support.a(bootloader_sha.o)
                0x40079adc                bootloader_sha256_start
 *fill*         0x40079aee        0x2 
 .text.bootloader_sha256_data
                0x40079af0       0xa1 /home/ai-thinker/esp/esp-adf/ai-examples/recorder/pipeline_wav_sdcard/build/bootloader/bootloader_support/libbootloader_support.a(bootloader_sha.o)
                                 0xa9 (size before relaxing)
                0x40079af0                bootloader_sha256_data
 *fill*         0x40079b91        0x3 
 .text.bootloader_sha256_finish
                0x40079b94       0xdc /home/ai-thinker/esp/esp-adf/ai-examples/recorder/pipeline_wav_sdcard/build/bootloader/bootloader_support/libbootloader_support.a(bootloader_sha.o)
                                 0xf0 (size before relaxing)
                0x40079b94                bootloader_sha256_finish
 .text.bootloader_fill_random
                0x40079c70       0x59 /home/ai-thinker/esp/esp-adf/ai-examples/recorder/pipeline_wav_sdcard/build/bootloader/bootloader_support/libbootloader_support.a(bootloader_random.o)
                0x40079c70                bootloader_fill_random
 *fill*         0x40079cc9        0x3 
 .text.bootloader_random_enable
                0x40079ccc      0x1d5 /home/ai-thinker/esp/esp-adf/ai-examples/recorder/pipeline_wav_sdcard/build/bootloader/bootloader_support/libbootloader_support.a(bootloader_random.o)
                0x40079ccc                bootloader_random_enable
 *fill*         0x40079ea1        0x3 
 .text.bootloader_random_disable
                0x40079ea4      0x11c /home/ai-thinker/esp/esp-adf/ai-examples/recorder/pipeline_wav_sdcard/build/bootloader/bootloader_support/libbootloader_support.a(bootloader_random.o)
                0x40079ea4                bootloader_random_disable
 .text.esp_log_early_timestamp
                0x40079fc0       0x1f /home/ai-thinker/esp/esp-adf/ai-examples/recorder/pipeline_wav_sdcard/build/bootloader/log/liblog.a(log.o)
                0x40079fc0                esp_log_timestamp
                0x40079fc0                esp_log_early_timestamp
 *fill*         0x40079fdf        0x1 
 .text.esp_rom_spiflash_read_status
                0x40079fe0       0x61 /home/ai-thinker/esp/esp-adf/ai-examples/recorder/pipeline_wav_sdcard/build/bootloader/spi_flash/libspi_flash.a(spi_flash_rom_patch.o)
                0x40079fe0                esp_rom_spiflash_read_status
 *fill*         0x4007a041        0x3 
 .text.esp_rom_spiflash_wait_idle
                0x4007a044       0x32 /home/ai-thinker/esp/esp-adf/ai-examples/recorder/pipeline_wav_sdcard/build/bootloader/spi_flash/libspi_flash.a(spi_flash_rom_patch.o)
                0x4007a044                esp_rom_spiflash_wait_idle
 *fill*         0x4007a076        0x2 
 .text.esp_rom_spiflash_read_data
                0x4007a078       0xe2 /home/ai-thinker/esp/esp-adf/ai-examples/recorder/pipeline_wav_sdcard/build/bootloader/spi_flash/libspi_flash.a(spi_flash_rom_patch.o)
 *fill*         0x4007a15a        0x2 
 .text.esp_rom_spiflash_read_statushigh
                0x4007a15c       0x21 /home/ai-thinker/esp/esp-adf/ai-examples/recorder/pipeline_wav_sdcard/build/bootloader/spi_flash/libspi_flash.a(spi_flash_rom_patch.o)
                0x4007a15c                esp_rom_spiflash_read_statushigh
 *fill*         0x4007a17d        0x3 
 .text.esp_rom_spiflash_write_status
                0x4007a180       0x34 /home/ai-thinker/esp/esp-adf/ai-examples/recorder/pipeline_wav_sdcard/build/bootloader/spi_flash/libspi_flash.a(spi_flash_rom_patch.o)
                                 0x38 (size before relaxing)
                0x4007a180                esp_rom_spiflash_write_status
 .text.esp_rom_spiflash_unlock
                0x4007a1b4       0x6a /home/ai-thinker/esp/esp-adf/ai-examples/recorder/pipeline_wav_sdcard/build/bootloader/spi_flash/libspi_flash.a(spi_flash_rom_patch.o)
                                 0x7e (size before relaxing)
                0x4007a1b4                esp_rom_spiflash_unlock
 *fill*         0x4007a21e        0x2 
 .text.esp_rom_spiflash_read
                0x4007a220      0x284 /home/ai-thinker/esp/esp-adf/ai-examples/recorder/pipeline_wav_sdcard/build/bootloader/spi_flash/libspi_flash.a(spi_flash_rom_patch.o)
                0x4007a220                esp_rom_spiflash_read
 .text.rtc_vddsdio_get_config
                0x4007a4a4      0x113 /home/ai-thinker/esp/esp-adf/ai-examples/recorder/pipeline_wav_sdcard/build/bootloader/soc/libsoc.a(rtc_init.o)
                0x4007a4a4                rtc_vddsdio_get_config
 *fill*         0x4007a5b7        0x1 
 .text.rtc_vddsdio_set_config
                0x4007a5b8       0x46 /home/ai-thinker/esp/esp-adf/ai-examples/recorder/pipeline_wav_sdcard/build/bootloader/soc/libsoc.a(rtc_init.o)
                0x4007a5b8                rtc_vddsdio_set_config
 *fill*         0x4007a5fe        0x2 
 .text.rtc_clk_32k_enable_internal
                0x4007a600       0x81 /home/ai-thinker/esp/esp-adf/ai-examples/recorder/pipeline_wav_sdcard/build/bootloader/soc/libsoc.a(rtc_clk.o)
 *fill*         0x4007a681        0x3 
 .text.rtc_clk_32k_enable
                0x4007a684       0x2d /home/ai-thinker/esp/esp-adf/ai-examples/recorder/pipeline_wav_sdcard/build/bootloader/soc/libsoc.a(rtc_clk.o)
                0x4007a684                rtc_clk_32k_enable
 *fill*         0x4007a6b1        0x3 
 .text.rtc_clk_8m_enable
                0x4007a6b4       0x99 /home/ai-thinker/esp/esp-adf/ai-examples/recorder/pipeline_wav_sdcard/build/bootloader/soc/libsoc.a(rtc_clk.o)
                0x4007a6b4                rtc_clk_8m_enable
 *fill*         0x4007a74d        0x3 
 .text.rtc_clk_8m_enabled
                0x4007a750       0x19 /home/ai-thinker/esp/esp-adf/ai-examples/recorder/pipeline_wav_sdcard/build/bootloader/soc/libsoc.a(rtc_clk.o)
                0x4007a750                rtc_clk_8m_enabled
 *fill*         0x4007a769        0x3 
 .text.rtc_clk_8md256_enabled
                0x4007a76c       0x1a /home/ai-thinker/esp/esp-adf/ai-examples/recorder/pipeline_wav_sdcard/build/bootloader/soc/libsoc.a(rtc_clk.o)
                0x4007a76c                rtc_clk_8md256_enabled
 *fill*         0x4007a786        0x2 
 .text.rtc_clk_xtal_freq_estimate
                0x4007a788       0x9e /home/ai-thinker/esp/esp-adf/ai-examples/recorder/pipeline_wav_sdcard/build/bootloader/soc/libsoc.a(rtc_clk.o)
                                 0xa6 (size before relaxing)
 *fill*         0x4007a826        0x2 
 .text.rtc_clk_slow_freq_set
                0x4007a828       0x27 /home/ai-thinker/esp/esp-adf/ai-examples/recorder/pipeline_wav_sdcard/build/bootloader/soc/libsoc.a(rtc_clk.o)
                0x4007a828                rtc_clk_slow_freq_set
 *fill*         0x4007a84f        0x1 
 .text.rtc_clk_slow_freq_get
                0x4007a850       0x10 /home/ai-thinker/esp/esp-adf/ai-examples/recorder/pipeline_wav_sdcard/build/bootloader/soc/libsoc.a(rtc_clk.o)
                0x4007a850                rtc_clk_slow_freq_get
 .text.rtc_clk_fast_freq_set
                0x4007a860       0x2a /home/ai-thinker/esp/esp-adf/ai-examples/recorder/pipeline_wav_sdcard/build/bootloader/soc/libsoc.a(rtc_clk.o)
                0x4007a860                rtc_clk_fast_freq_set
 *fill*         0x4007a88a        0x2 
 .text.rtc_clk_fast_freq_get
                0x4007a88c       0x10 /home/ai-thinker/esp/esp-adf/ai-examples/recorder/pipeline_wav_sdcard/build/bootloader/soc/libsoc.a(rtc_clk.o)
                0x4007a88c                rtc_clk_fast_freq_get
 .text.rtc_clk_bbpll_set
                0x4007a89c      0x170 /home/ai-thinker/esp/esp-adf/ai-examples/recorder/pipeline_wav_sdcard/build/bootloader/soc/libsoc.a(rtc_clk.o)
                                0x178 (size before relaxing)
                0x4007a89c                rtc_clk_bbpll_set
 .text.rtc_clk_xtal_freq_get
                0x4007aa0c       0x38 /home/ai-thinker/esp/esp-adf/ai-examples/recorder/pipeline_wav_sdcard/build/bootloader/soc/libsoc.a(rtc_clk.o)
                                 0x3c (size before relaxing)
                0x4007aa0c                rtc_get_xtal
                0x4007aa0c                rtc_clk_xtal_freq_get
 .text.rtc_clk_cpu_freq_get
                0x4007aa44       0x88 /home/ai-thinker/esp/esp-adf/ai-examples/recorder/pipeline_wav_sdcard/build/bootloader/soc/libsoc.a(rtc_clk.o)
                                 0x94 (size before relaxing)
                0x4007aa44                rtc_clk_cpu_freq_get
 .text.rtc_clk_cpu_freq_value
                0x4007aacc       0x45 /home/ai-thinker/esp/esp-adf/ai-examples/recorder/pipeline_wav_sdcard/build/bootloader/soc/libsoc.a(rtc_clk.o)
                0x4007aacc                rtc_clk_cpu_freq_value
 *fill*         0x4007ab11        0x3 
 .text.rtc_clk_xtal_freq_update
                0x4007ab14       0x12 /home/ai-thinker/esp/esp-adf/ai-examples/recorder/pipeline_wav_sdcard/build/bootloader/soc/libsoc.a(rtc_clk.o)
                                 0x16 (size before relaxing)
                0x4007ab14                rtc_clk_xtal_freq_update
 *fill*         0x4007ab26        0x2 
 .text.rtc_clk_apb_freq_update
                0x4007ab28       0x13 /home/ai-thinker/esp/esp-adf/ai-examples/recorder/pipeline_wav_sdcard/build/bootloader/soc/libsoc.a(rtc_clk.o)
                                 0x16 (size before relaxing)
                0x4007ab28                rtc_clk_apb_freq_update
 *fill*         0x4007ab3b        0x1 
 .text.rtc_clk_cpu_freq_set
                0x4007ab3c      0x1c4 /home/ai-thinker/esp/esp-adf/ai-examples/recorder/pipeline_wav_sdcard/build/bootloader/soc/libsoc.a(rtc_clk.o)
                                0x1d8 (size before relaxing)
                0x4007ab3c                rtc_clk_cpu_freq_set
 .text.rtc_clk_apb_freq_get
                0x4007ad00       0x2a /home/ai-thinker/esp/esp-adf/ai-examples/recorder/pipeline_wav_sdcard/build/bootloader/soc/libsoc.a(rtc_clk.o)
                0x4007ad00                rtc_clk_apb_freq_get
 *fill*         0x4007ad2a        0x2 
 .text.rtc_clk_init
                0x4007ad2c      0x182 /home/ai-thinker/esp/esp-adf/ai-examples/recorder/pipeline_wav_sdcard/build/bootloader/soc/libsoc.a(rtc_clk.o)
                                0x1ba (size before relaxing)
                0x4007ad2c                rtc_clk_init
 *fill*         0x4007aeae        0x2 
 .text.rtc_clk_cal_internal
                0x4007aeb0      0x161 /home/ai-thinker/esp/esp-adf/ai-examples/recorder/pipeline_wav_sdcard/build/bootloader/soc/libsoc.a(rtc_time.o)
 *fill*         0x4007b011        0x3 
 .text.rtc_clk_cal_ratio
                0x4007b014       0x20 /home/ai-thinker/esp/esp-adf/ai-examples/recorder/pipeline_wav_sdcard/build/bootloader/soc/libsoc.a(rtc_time.o)
                                 0x24 (size before relaxing)
                0x4007b014                rtc_clk_cal_ratio
 .text.rtc_clk_wait_for_slow_cycle
                0x4007b034       0x79 /home/ai-thinker/esp/esp-adf/ai-examples/recorder/pipeline_wav_sdcard/build/bootloader/soc/libsoc.a(rtc_time.o)
                0x4007b034                rtc_clk_wait_for_slow_cycle
 *fill*         0x4007b0ad        0x3 
 .text          0x4007b0b0       0x26 /home/ai-thinker/esp/xtensa-esp32-elf/bin/../lib/gcc/xtensa-esp32-elf/5.2.0/libgcc.a(_bswapsi2.o)
                0x4007b0b0                __bswapsi2
 *fill*         0x4007b0d6        0x2 
 .text.index_to_partition
                0x4007b0d8       0x48 /home/ai-thinker/esp/esp-adf/ai-examples/recorder/pipeline_wav_sdcard/build/bootloader/main/libmain.a(bootloader_start.o)
 *fill*         0x4007b120        0x0 
 *fill*         0x4007b120        0x0 
 *fill*         0x4007b120        0x0 
 *fill*         0x4007b120        0x0 
 *fill*         0x4007b120        0x0 
 *fill*         0x4007b120        0x0 
 *fill*         0x4007b120        0x0 
 *fill*         0x4007b120        0x0 
 *fill*         0x4007b120        0x0 
 *fill*         0x4007b120        0x0 
 *fill*         0x4007b120        0x0 
 *fill*         0x4007b120        0x0 
 *fill*         0x4007b120        0x0 
 *fill*         0x4007b120        0x0 
 *fill*         0x4007b120        0x0 
 *fill*         0x4007b120        0x0 
 *fill*         0x4007b120        0x0 
 *fill*         0x4007b120        0x0 
 *fill*         0x4007b120        0x0 
 *fill*         0x4007b120        0x0 
 *fill*         0x4007b120        0x0 
 *fill*         0x4007b120        0x0 
 *fill*         0x4007b120        0x0 
 *fill*         0x4007b120        0x0 
 *fill*         0x4007b120        0x0 
 *fill*         0x4007b120        0x0 
 *fill*         0x4007b120        0x0 
 *fill*         0x4007b120        0x0 
 *fill*         0x4007b120        0x0 
 *fill*         0x4007b120        0x0 
 *fill*         0x4007b120        0x0 
 *fill*         0x4007b120        0x0 
 *fill*         0x4007b120        0x0 
 *fill*         0x4007b120        0x0 
 *fill*         0x4007b120        0x0 
 *fill*         0x4007b120        0x0 
 *fill*         0x4007b120        0x0 
 *fill*         0x4007b120        0x0 
 *fill*         0x4007b120        0x0 
 *fill*         0x4007b120        0x0 
 .text.clk_val_is_valid
                0x4007b120       0x20 /home/ai-thinker/esp/esp-adf/ai-examples/recorder/pipeline_wav_sdcard/build/bootloader/soc/libsoc.a(rtc_clk.o)
 .text.reg_val_to_clk_val
                0x4007b140        0x8 /home/ai-thinker/esp/esp-adf/ai-examples/recorder/pipeline_wav_sdcard/build/bootloader/soc/libsoc.a(rtc_clk.o)
 .text.clk_val_to_reg_val
                0x4007b148        0xe /home/ai-thinker/esp/esp-adf/ai-examples/recorder/pipeline_wav_sdcard/build/bootloader/soc/libsoc.a(rtc_clk.o)
 *fill*         0x4007b156        0x0 
 *fill*         0x4007b156        0x0 
 *fill*         0x4007b156        0x0 
 *fill*         0x4007b156        0x0 
 *fill*         0x4007b156        0x0 
 *fill*         0x4007b156        0x0 
 *fill*         0x4007b156        0x0 
 *fill*         0x4007b156        0x0 
 *fill*         0x4007b156        0x0 
 *fill*         0x4007b156        0x0 
 *fill*         0x4007b156        0x0 
 *fill*         0x4007b156        0x0 
 *fill*         0x4007b156        0x0 
 *fill*         0x4007b156        0x0 
 *fill*         0x4007b156        0x0 
 *fill*         0x4007b156        0x2 
 .text          0x4007b158      0x281 /home/ai-thinker/esp/xtensa-esp32-elf/bin/../lib/gcc/xtensa-esp32-elf/5.2.0/libgcc.a(_udivdi3.o)
                0x4007b158                __udivdi3
 *(.iram1 .iram1.*)
 *fill*         0x4007b3d9        0x3 
 .iram1         0x4007b3dc      0x1df /home/ai-thinker/esp/esp-adf/ai-examples/recorder/pipeline_wav_sdcard/build/bootloader/main/libmain.a(bootloader_start.o)
 *fill*         0x4007b5bb        0x0 
 *(.fini.literal)
 *(.fini)
 *(.gnu.version)
                0x4007b5bb                _text_end = ABSOLUTE (.)
                0x4007b5bb                _etext = .
                [!provide]                PROVIDE (abort, 0x4000bba4)
                [!provide]                PROVIDE (__absvdi2, 0x4006387c)
                [!provide]                PROVIDE (__absvsi2, 0x40063868)
                [!provide]                PROVIDE (Add2SelfBigHex256, 0x40015b7c)
                [!provide]                PROVIDE (AddBigHex256, 0x40015b28)
                [!provide]                PROVIDE (AddBigHexModP256, 0x40015c98)
                [!provide]                PROVIDE (__adddf3, 0x40002590)
                [!provide]                PROVIDE (AddP256, 0x40015c74)
                [!provide]                PROVIDE (AddPdiv2_256, 0x40015ce0)
                [!provide]                PROVIDE (__addsf3, 0x400020e8)
                [!provide]                PROVIDE (__addvdi3, 0x40002cbc)
                [!provide]                PROVIDE (__addvsi3, 0x40002c98)
                [!provide]                PROVIDE (aes_128_cbc_decrypt, 0x4005cc7c)
                [!provide]                PROVIDE (aes_128_cbc_encrypt, 0x4005cc18)
                [!provide]                PROVIDE (aes_unwrap, 0x4005ccf0)
                [!provide]                PROVIDE (app_gpio_arg, 0x3ffe003c)
                [!provide]                PROVIDE (app_gpio_handler, 0x3ffe0040)
                [!provide]                PROVIDE (__ashldi3, 0x4000c818)
                [!provide]                PROVIDE (__ashrdi3, 0x4000c830)
                [!provide]                PROVIDE (base64_decode, 0x4005ced8)
                [!provide]                PROVIDE (base64_encode, 0x4005cdbc)
                [!provide]                PROVIDE (BasePoint_x_256, 0x3ff97488)
                [!provide]                PROVIDE (BasePoint_y_256, 0x3ff97468)
                [!provide]                PROVIDE (bigHexInversion256, 0x400168f0)
                [!provide]                PROVIDE (bigHexP256, 0x3ff973bc)
                [!provide]                PROVIDE (__bswapdi2, 0x400649c4)
                [!provide]                PROVIDE (__bswapsi2, 0x4006499c)
                [!provide]                PROVIDE (btdm_r_ble_bt_handler_tab_p_get, 0x40019b0c)
                [!provide]                PROVIDE (btdm_r_btdm_option_data_p_get, 0x40010004)
                [!provide]                PROVIDE (btdm_r_btdm_rom_version_get, 0x40010078)
                [!provide]                PROVIDE (btdm_r_data_init, 0x4001002c)
                [!provide]                PROVIDE (btdm_r_import_rf_phy_func_p_get, 0x40054298)
                [!provide]                PROVIDE (btdm_r_ip_func_p_get, 0x40019af0)
                [!provide]                PROVIDE (btdm_r_ip_func_p_set, 0x40019afc)
                [!provide]                PROVIDE (btdm_r_modules_func_p_get, 0x4005427c)
                [!provide]                PROVIDE (btdm_r_modules_func_p_set, 0x40054270)
                [!provide]                PROVIDE (btdm_r_plf_func_p_set, 0x40054288)
                [!provide]                PROVIDE (bt_util_buf_env, 0x3ffb8bd4)
                0x400095e0                PROVIDE (cache_flash_mmu_set_rom, 0x400095e0)
                0x40009a14                PROVIDE (Cache_Flush_rom, 0x40009a14)
                0x40009ab8                PROVIDE (Cache_Read_Disable_rom, 0x40009ab8)
                0x40009a84                PROVIDE (Cache_Read_Enable_rom, 0x40009a84)
                [!provide]                PROVIDE (Cache_Read_Init_rom, 0x40009950)
                [!provide]                PROVIDE (cache_sram_mmu_set_rom, 0x400097f4)
                [!provide]                PROVIDE (calc_rtc_memory_crc, 0x40008170)
                [!provide]                PROVIDE (calloc, 0x4000bee4)
                [!provide]                PROVIDE (_calloc_r, 0x4000bbf8)
                [!provide]                PROVIDE (__clear_cache, 0x40063860)
                [!provide]                PROVIDE (_close_r, 0x4000bd3c)
                [!provide]                PROVIDE (__clrsbdi2, 0x40064a38)
                [!provide]                PROVIDE (__clrsbsi2, 0x40064a20)
                [!provide]                PROVIDE (__clzdi2, 0x4000ca50)
                [!provide]                PROVIDE (__clzsi2, 0x4000c7e8)
                [!provide]                PROVIDE (__cmpdi2, 0x40063820)
                [!provide]                PROVIDE (co_default_bdaddr, 0x3ffae704)
                [!provide]                PROVIDE (co_null_bdaddr, 0x3ffb80e0)
                [!provide]                PROVIDE (co_sca2ppm, 0x3ff971e8)
                [!provide]                PROVIDE (crc16_be, 0x4005d09c)
                [!provide]                PROVIDE (crc16_le, 0x4005d05c)
                [!provide]                PROVIDE (crc32_be, 0x4005d024)
                0x4005cfec                PROVIDE (crc32_le, 0x4005cfec)
                [!provide]                PROVIDE (crc8_be, 0x4005d114)
                [!provide]                PROVIDE (crc8_le, 0x4005d0e0)
                [!provide]                PROVIDE (_ctype_, 0x3ff96354)
                0x3ff96350                PROVIDE (__ctype_ptr__, 0x3ff96350)
                [!provide]                PROVIDE (__ctzdi2, 0x4000ca64)
                [!provide]                PROVIDE (__ctzsi2, 0x4000c7f0)
                [!provide]                PROVIDE (_data_end_rom, 0x4000d5c8)
                [!provide]                PROVIDE (_data_end_btdm_rom, 0x4000d4f8)
                [!provide]                PROVIDE (_data_start_rom, 0x4000d4f8)
                [!provide]                PROVIDE (_data_start_btdm_rom, 0x4000d4f4)
                [!provide]                PROVIDE (_data_start_btdm, 0x3ffae6e0)
                [!provide]                PROVIDE (_data_end_btdm, 0x3ffaff10)
                [!provide]                PROVIDE (_bss_start_btdm, 0x3ffb8000)
                [!provide]                PROVIDE (_bss_end_btdm, 0x3ffbff70)
                [!provide]                PROVIDE (_daylight, 0x3ffae0a4)
                [!provide]                PROVIDE (dbg_default_handler, 0x3ff97218)
                [!provide]                PROVIDE (dbg_state, 0x3ffb8d5d)
                [!provide]                PROVIDE (DebugE256PublicKey_x, 0x3ff97428)
                [!provide]                PROVIDE (DebugE256PublicKey_y, 0x3ff97408)
                [!provide]                PROVIDE (DebugE256SecretKey, 0x3ff973e8)
                [!provide]                PROVIDE (debug_timer, 0x3ffe042c)
                [!provide]                PROVIDE (debug_timerfn, 0x3ffe0430)
                [!provide]                PROVIDE (dh_group14_generator, 0x3ff9ac60)
                [!provide]                PROVIDE (dh_group14_prime, 0x3ff9ab60)
                [!provide]                PROVIDE (dh_group15_generator, 0x3ff9ab5f)
                [!provide]                PROVIDE (dh_group15_prime, 0x3ff9a9df)
                [!provide]                PROVIDE (dh_group16_generator, 0x3ff9a9de)
                [!provide]                PROVIDE (dh_group16_prime, 0x3ff9a7de)
                [!provide]                PROVIDE (dh_group17_generator, 0x3ff9a7dd)
                [!provide]                PROVIDE (dh_group17_prime, 0x3ff9a4dd)
                [!provide]                PROVIDE (dh_group18_generator, 0x3ff9a4dc)
                [!provide]                PROVIDE (dh_group18_prime, 0x3ff9a0dc)
                [!provide]                PROVIDE (dh_group1_generator, 0x3ff9ae03)
                [!provide]                PROVIDE (dh_group1_prime, 0x3ff9ada3)
                [!provide]                PROVIDE (dh_group2_generator, 0x3ff9ada2)
                [!provide]                PROVIDE (dh_group2_prime, 0x3ff9ad22)
                [!provide]                PROVIDE (dh_group5_generator, 0x3ff9ad21)
                [!provide]                PROVIDE (dh_group5_prime, 0x3ff9ac61)
                [!provide]                PROVIDE (__divdc3, 0x40064460)
                [!provide]                PROVIDE (__divdf3, 0x40002954)
                [!provide]                PROVIDE (__divdi3, 0x4000ca84)
                [!provide]                PROVIDE (__divsc3, 0x40064200)
                [!provide]                PROVIDE (__divsf3, 0x4000234c)
                [!provide]                PROVIDE (__divsi3, 0x4000c7b8)
                0x3ffae290                PROVIDE (g_rom_spiflash_dummy_len_plus, 0x3ffae290)
                [!provide]                PROVIDE (ecc_env, 0x3ffb8d60)
                [!provide]                PROVIDE (ecc_Jacobian_InfinityPoint256, 0x3ff972e8)
                [!provide]                PROVIDE (em_buf_env, 0x3ffb8d74)
                [!provide]                PROVIDE (environ, 0x3ffae0b4)
                [!provide]                PROVIDE (__eqdf2, 0x400636a8)
                [!provide]                PROVIDE (__eqsf2, 0x40063374)
                [!provide]                PROVIDE (esp_crc8, 0x4005d144)
                [!provide]                PROVIDE (_etext, 0x4000d66c)
                [!provide]                PROVIDE (ets_readySet_, 0x3ffe01f0)
                [!provide]                PROVIDE (ets_startup_callback, 0x3ffe0404)
                [!provide]                PROVIDE (exc_cause_table, 0x3ff991d0)
                [!provide]                PROVIDE (_exit_r, 0x4000bd28)
                [!provide]                PROVIDE (__extendsfdf2, 0x40002c34)
                [!provide]                PROVIDE (__ffsdi2, 0x4000ca2c)
                [!provide]                PROVIDE (__ffssi2, 0x4000c804)
                [!provide]                PROVIDE (__fixdfdi, 0x40002ac4)
                [!provide]                PROVIDE (__fixdfsi, 0x40002a78)
                [!provide]                PROVIDE (__fixsfdi, 0x4000244c)
                [!provide]                PROVIDE (__fixsfsi, 0x4000240c)
                [!provide]                PROVIDE (__fixunsdfsi, 0x40002b30)
                [!provide]                PROVIDE (__fixunssfdi, 0x40002504)
                [!provide]                PROVIDE (__fixunssfsi, 0x400024ac)
                [!provide]                PROVIDE (__floatdidf, 0x4000c988)
                [!provide]                PROVIDE (__floatdisf, 0x4000c8c0)
                [!provide]                PROVIDE (__floatsidf, 0x4000c944)
                [!provide]                PROVIDE (__floatsisf, 0x4000c870)
                [!provide]                PROVIDE (__floatundidf, 0x4000c978)
                [!provide]                PROVIDE (__floatundisf, 0x4000c8b0)
                [!provide]                PROVIDE (__floatunsidf, 0x4000c938)
                [!provide]                PROVIDE (__floatunsisf, 0x4000c864)
                [!provide]                PROVIDE (free, 0x4000beb8)
                [!provide]                PROVIDE (_free_r, 0x4000bbcc)
                [!provide]                PROVIDE (_fstat_r, 0x4000bccc)
                [!provide]                PROVIDE (__gcc_bcmp, 0x40064a70)
                [!provide]                PROVIDE (__gedf2, 0x40063768)
                [!provide]                PROVIDE (__gesf2, 0x4006340c)
                [!provide]                PROVIDE (_getpid_r, 0x4000bcfc)
                [!provide]                PROVIDE (__getreent, 0x4000be8c)
                [!provide]                PROVIDE (_gettimeofday_r, 0x4000bc58)
                [!provide]                PROVIDE (GF_Jacobian_Point_Addition256, 0x400163a4)
                [!provide]                PROVIDE (GF_Jacobian_Point_Double256, 0x40016260)
                [!provide]                PROVIDE (GF_Point_Jacobian_To_Affine256, 0x40016b0c)
                [!provide]                PROVIDE (_global_impure_ptr, 0x3ffae0b0)
                [!provide]                PROVIDE (g_phyFuns_instance, 0x3ffae0c4)
                0x3ffae270                PROVIDE (g_rom_flashchip, 0x3ffae270)
                [!provide]                PROVIDE (__gtdf2, 0x400636dc)
                [!provide]                PROVIDE (__gtsf2, 0x400633a0)
                [!provide]                PROVIDE (gTxMsg, 0x3ffe0050)
                [!provide]                PROVIDE (hci_cmd_desc_root_tab, 0x3ff976d4)
                [!provide]                PROVIDE (hci_cmd_desc_tab_ctrl_bb, 0x3ff97b70)
                [!provide]                PROVIDE (hci_cmd_desc_tab_info_par, 0x3ff97b1c)
                [!provide]                PROVIDE (hci_cmd_desc_tab_le, 0x3ff97870)
                [!provide]                PROVIDE (hci_cmd_desc_tab_lk_ctrl, 0x3ff97fc0)
                [!provide]                PROVIDE (hci_cmd_desc_tab_lk_pol, 0x3ff97f3c)
                [!provide]                PROVIDE (hci_cmd_desc_tab_stat_par, 0x3ff97ac8)
                [!provide]                PROVIDE (hci_cmd_desc_tab_testing, 0x3ff97a98)
                [!provide]                PROVIDE (hci_cmd_desc_tab_vs, 0x3ff97714)
                [!provide]                PROVIDE (hci_command_handler, 0x4004c928)
                [!provide]                PROVIDE (hci_env, 0x3ffb9350)
                [!provide]                PROVIDE (hci_evt_dbg_desc_tab, 0x3ff9750c)
                [!provide]                PROVIDE (hci_evt_desc_tab, 0x3ff9751c)
                [!provide]                PROVIDE (hci_evt_le_desc_tab, 0x3ff974b4)
                [!provide]                PROVIDE (hci_fc_env, 0x3ffb9340)
                [!provide]                PROVIDE (hmac_md5, 0x4005d264)
                [!provide]                PROVIDE (hmac_md5_vector, 0x4005d17c)
                [!provide]                PROVIDE (hmac_sha1, 0x40060acc)
                [!provide]                PROVIDE (hmac_sha1_vector, 0x400609e4)
                [!provide]                PROVIDE (hmac_sha256, 0x40060d58)
                [!provide]                PROVIDE (hmac_sha256_vector, 0x40060c84)
                [!provide]                PROVIDE (jd_decomp, 0x400613e8)
                [!provide]                PROVIDE (jd_prepare, 0x40060fa8)
                [!provide]                PROVIDE (ke_env, 0x3ffb93cc)
                [!provide]                PROVIDE (_kill_r, 0x4000bd10)
                [!provide]                PROVIDE (lb_default_handler, 0x3ff982b8)
                [!provide]                PROVIDE (lb_default_state_tab_p_get, 0x4001c198)
                [!provide]                PROVIDE (lb_env, 0x3ffb9424)
                [!provide]                PROVIDE (lb_hci_cmd_handler_tab_p_get, 0x4001c18c)
                [!provide]                PROVIDE (lb_state, 0x3ffb94e8)
                [!provide]                PROVIDE (lc_default_handler, 0x3ff98648)
                [!provide]                PROVIDE (lc_default_state_tab_p_get, 0x4002f494)
                [!provide]                PROVIDE (lc_env, 0x3ffb94ec)
                [!provide]                PROVIDE (lc_hci_cmd_handler_tab_p_get, 0x4002f488)
                [!provide]                PROVIDE (lc_state, 0x3ffb9508)
                [!provide]                PROVIDE (ld_acl_br_sizes, 0x3ff98a2a)
                [!provide]                PROVIDE (ld_acl_br_types, 0x3ff98a36)
                [!provide]                PROVIDE (ld_acl_edr_sizes, 0x3ff98a14)
                [!provide]                PROVIDE (ld_acl_edr_types, 0x3ff98a22)
                [!provide]                PROVIDE (ld_env, 0x3ffb9510)
                [!provide]                PROVIDE (ld_pcm_settings_dft, 0x3ff98a0c)
                [!provide]                PROVIDE (ld_sched_params, 0x3ffb96c0)
                [!provide]                PROVIDE (ld_sync_train_channels, 0x3ff98a3c)
                [!provide]                PROVIDE (__ledf2, 0x40063704)
                [!provide]                PROVIDE (__lesf2, 0x400633c0)
                [!provide]                PROVIDE (_link_r, 0x4000bc9c)
                [!provide]                PROVIDE (llc_default_handler, 0x3ff98b3c)
                [!provide]                PROVIDE (llc_default_state_tab_p_get, 0x40046058)
                [!provide]                PROVIDE (llc_env, 0x3ffb96d0)
                [!provide]                PROVIDE (llc_hci_acl_data_tx_handler, 0x40042398)
                [!provide]                PROVIDE (llc_hci_cmd_handler_tab_p_get, 0x40042358)
                [!provide]                PROVIDE (llc_hci_command_handler, 0x40042360)
                [!provide]                PROVIDE (llcp_pdu_handler_tab_p_get, 0x40043f64)
                [!provide]                PROVIDE (llc_state, 0x3ffb96f8)
                [!provide]                PROVIDE (lldesc_build_chain, 0x4000a850)
                [!provide]                PROVIDE (lldesc_num2link, 0x4000a948)
                [!provide]                PROVIDE (lldesc_set_owner, 0x4000a974)
                [!provide]                PROVIDE (lld_evt_deferred_elt_push, 0x400466b4)
                [!provide]                PROVIDE (lld_evt_deferred_elt_pop, 0x400466dc)
                [!provide]                PROVIDE (lld_evt_winsize_change, 0x40046730)
                [!provide]                PROVIDE (lld_evt_rxwin_compute, 0x400467c8)
                [!provide]                PROVIDE (lld_evt_slave_time_compute, 0x40046818)
                [!provide]                PROVIDE (lld_evt_env, 0x3ffb9704)
                [!provide]                PROVIDE (lld_evt_elt_wait_get, 0x400468e4)
                [!provide]                PROVIDE (lld_evt_get_next_free_slot, 0x4004692c)
                [!provide]                PROVIDE (lld_pdu_adv_pk_desc_tab, 0x3ff98c70)
                [!provide]                PROVIDE (lld_pdu_llcp_pk_desc_tab, 0x3ff98b68)
                [!provide]                PROVIDE (lld_pdu_pack, 0x4004ab14)
                [!provide]                PROVIDE (LLM_AA_CT1, 0x3ff98d8a)
                [!provide]                PROVIDE (LLM_AA_CT2, 0x3ff98d88)
                [!provide]                PROVIDE (llm_default_handler, 0x3ff98d80)
                [!provide]                PROVIDE (llm_default_state_tab_p_get, 0x4004e718)
                [!provide]                PROVIDE (llm_hci_cmd_handler_tab_p_get, 0x4004c920)
                [!provide]                PROVIDE (llm_le_env, 0x3ffb976c)
                [!provide]                PROVIDE (llm_local_cmds, 0x3ff98d38)
                [!provide]                PROVIDE (llm_local_data_len_values, 0x3ff98d1c)
                [!provide]                PROVIDE (llm_local_le_feats, 0x3ff98d30)
                [!provide]                PROVIDE (llm_local_le_states, 0x3ff98d28)
                [!provide]                PROVIDE (llm_state, 0x3ffb985c)
                [!provide]                PROVIDE (lm_default_handler, 0x3ff990e0)
                [!provide]                PROVIDE (lm_default_state_tab_p_get, 0x40054268)
                [!provide]                PROVIDE (lm_env, 0x3ffb9860)
                [!provide]                PROVIDE (lm_hci_cmd_handler_tab_p_get, 0x4005425c)
                [!provide]                PROVIDE (lm_local_supp_feats, 0x3ff990ee)
                [!provide]                PROVIDE (lm_n_page_tab, 0x3ff990e8)
                [!provide]                PROVIDE (lmp_desc_tab, 0x3ff96e6c)
                [!provide]                PROVIDE (lmp_ext_desc_tab, 0x3ff96d9c)
                [!provide]                PROVIDE (lm_state, 0x3ffb9a1c)
                [!provide]                PROVIDE (_lock_acquire_recursive, 0x4000be28)
                [!provide]                PROVIDE (_lock_close, 0x4000bdec)
                [!provide]                PROVIDE (_lock_close_recursive, 0x4000be00)
                [!provide]                PROVIDE (_lock_init, 0x4000bdc4)
                [!provide]                PROVIDE (_lock_init_recursive, 0x4000bdd8)
                [!provide]                PROVIDE (_lock_release_recursive, 0x4000be78)
                [!provide]                PROVIDE (_lock_try_acquire, 0x4000be3c)
                [!provide]                PROVIDE (_lock_try_acquire_recursive, 0x4000be50)
                [!provide]                PROVIDE (_lseek_r, 0x4000bd8c)
                [!provide]                PROVIDE (__lshrdi3, 0x4000c84c)
                [!provide]                PROVIDE (__ltdf2, 0x40063790)
                [!provide]                PROVIDE (__ltsf2, 0x4006342c)
                [!provide]                PROVIDE (malloc, 0x4000bea0)
                [!provide]                PROVIDE (_malloc_r, 0x4000bbb4)
                [!provide]                PROVIDE (maxSecretKey_256, 0x3ff97448)
                [!provide]                PROVIDE (__mb_cur_max, 0x3ff96530)
                [!provide]                PROVIDE (MD5Final, 0x4005db1c)
                [!provide]                PROVIDE (MD5Init, 0x4005da7c)
                [!provide]                PROVIDE (MD5Update, 0x4005da9c)
                [!provide]                PROVIDE (md5_vector, 0x4005db80)
                0x400095a4                PROVIDE (mmu_init, 0x400095a4)
                [!provide]                PROVIDE (__moddi3, 0x4000cd4c)
                [!provide]                PROVIDE (__modsi3, 0x4000c7c0)
                [!provide]                PROVIDE (__month_lengths, 0x3ff9609c)
                [!provide]                PROVIDE (__muldc3, 0x40063bf4)
                [!provide]                PROVIDE (__muldf3, 0x4006358c)
                [!provide]                PROVIDE (__muldi3, 0x4000c9fc)
                [!provide]                PROVIDE (__mulsc3, 0x40063934)
                [!provide]                PROVIDE (__mulsf3, 0x400632c8)
                [!provide]                PROVIDE (__mulsi3, 0x4000c7b0)
                [!provide]                PROVIDE (MultiplyBigHexByUint32_256, 0x40016214)
                [!provide]                PROVIDE (MultiplyBigHexModP256, 0x400160b8)
                [!provide]                PROVIDE (MultiplyByU32ModP256, 0x40015fdc)
                [!provide]                PROVIDE (multofup, 0x4000ab8c)
                [!provide]                PROVIDE (__mulvdi3, 0x40002d78)
                [!provide]                PROVIDE (__mulvsi3, 0x40002d60)
                [!provide]                PROVIDE (mz_adler32, 0x4005edbc)
                [!provide]                PROVIDE (mz_crc32, 0x4005ee88)
                [!provide]                PROVIDE (mz_free, 0x4005eed4)
                [!provide]                PROVIDE (__nedf2, 0x400636a8)
                [!provide]                PROVIDE (__negdf2, 0x400634a0)
                [!provide]                PROVIDE (__negdi2, 0x4000ca14)
                [!provide]                PROVIDE (__negsf2, 0x400020c0)
                [!provide]                PROVIDE (__negvdi2, 0x40002e98)
                [!provide]                PROVIDE (__negvsi2, 0x40002e78)
                [!provide]                PROVIDE (__nesf2, 0x40063374)
                [!provide]                PROVIDE (notEqual256, 0x40015b04)
                [!provide]                PROVIDE (__nsau_data, 0x3ff96544)
                [!provide]                PROVIDE (one_bits, 0x3ff971f8)
                [!provide]                PROVIDE (_open_r, 0x4000bd54)
                [!provide]                PROVIDE (__paritysi2, 0x40002f3c)
                [!provide]                PROVIDE (pbkdf2_sha1, 0x40060ba4)
                [!provide]                PROVIDE (phy_get_romfuncs, 0x40004100)
                [!provide]                PROVIDE (__popcountdi2, 0x40002ef8)
                [!provide]                PROVIDE (__popcountsi2, 0x40002ed0)
                [!provide]                PROVIDE (__popcount_tab, 0x3ff96544)
                [!provide]                PROVIDE (__powidf2, 0x400638d4)
                [!provide]                PROVIDE (__powisf2, 0x4006389c)
                [!provide]                PROVIDE (_Pri_4_HandlerAddress, 0x3ffe0648)
                [!provide]                PROVIDE (_Pri_5_HandlerAddress, 0x3ffe064c)
                [!provide]                PROVIDE (r_btdm_option_data, 0x3ffae6e0)
                [!provide]                PROVIDE (r_bt_util_buf_acl_rx_alloc, 0x40010218)
                [!provide]                PROVIDE (r_bt_util_buf_acl_rx_free, 0x40010234)
                [!provide]                PROVIDE (r_bt_util_buf_acl_tx_alloc, 0x40010268)
                [!provide]                PROVIDE (r_bt_util_buf_acl_tx_free, 0x40010280)
                [!provide]                PROVIDE (r_bt_util_buf_init, 0x400100e4)
                [!provide]                PROVIDE (r_bt_util_buf_lmp_tx_alloc, 0x400101d0)
                [!provide]                PROVIDE (r_bt_util_buf_lmp_tx_free, 0x400101ec)
                [!provide]                PROVIDE (r_bt_util_buf_sync_clear, 0x400103c8)
                [!provide]                PROVIDE (r_bt_util_buf_sync_init, 0x400102c4)
                [!provide]                PROVIDE (r_bt_util_buf_sync_rx_alloc, 0x40010468)
                [!provide]                PROVIDE (r_bt_util_buf_sync_rx_free, 0x4001049c)
                [!provide]                PROVIDE (r_bt_util_buf_sync_tx_alloc, 0x400103ec)
                [!provide]                PROVIDE (r_bt_util_buf_sync_tx_free, 0x40010428)
                [!provide]                PROVIDE (rc4_skip, 0x40060928)
                [!provide]                PROVIDE (r_co_bdaddr_compare, 0x40014324)
                [!provide]                PROVIDE (r_co_bytes_to_string, 0x400142e4)
                [!provide]                PROVIDE (r_co_list_check_size_available, 0x400142c4)
                [!provide]                PROVIDE (r_co_list_extract, 0x4001404c)
                [!provide]                PROVIDE (r_co_list_extract_after, 0x40014118)
                [!provide]                PROVIDE (r_co_list_find, 0x4001419c)
                [!provide]                PROVIDE (r_co_list_init, 0x40013f14)
                [!provide]                PROVIDE (r_co_list_insert_after, 0x40014254)
                [!provide]                PROVIDE (r_co_list_insert_before, 0x40014200)
                [!provide]                PROVIDE (r_co_list_merge, 0x400141bc)
                [!provide]                PROVIDE (r_co_list_pool_init, 0x40013f30)
                [!provide]                PROVIDE (r_co_list_pop_front, 0x40014028)
                [!provide]                PROVIDE (r_co_list_push_back, 0x40013fb8)
                [!provide]                PROVIDE (r_co_list_push_front, 0x40013ff4)
                [!provide]                PROVIDE (r_co_list_size, 0x400142ac)
                [!provide]                PROVIDE (r_co_nb_good_channels, 0x40014360)
                [!provide]                PROVIDE (r_co_slot_to_duration, 0x40014348)
                [!provide]                PROVIDE (r_dbg_init, 0x40014394)
                [!provide]                PROVIDE (r_dbg_platform_reset_complete, 0x400143d0)
                [!provide]                PROVIDE (r_dbg_swdiag_init, 0x40014470)
                [!provide]                PROVIDE (r_dbg_swdiag_read, 0x400144a4)
                [!provide]                PROVIDE (r_dbg_swdiag_write, 0x400144d0)
                [!provide]                PROVIDE (r_E1, 0x400108e8)
                [!provide]                PROVIDE (r_E21, 0x40010968)
                [!provide]                PROVIDE (r_E22, 0x400109b4)
                [!provide]                PROVIDE (r_E3, 0x40010a58)
                [!provide]                PROVIDE (r_ea_alarm_clear, 0x40015ab4)
                [!provide]                PROVIDE (r_ea_alarm_set, 0x40015a10)
                [!provide]                PROVIDE (_read_r, 0x4000bda8)
                [!provide]                PROVIDE (r_ea_elt_cancel, 0x400150d0)
                [!provide]                PROVIDE (r_ea_elt_create, 0x40015264)
                [!provide]                PROVIDE (r_ea_elt_insert, 0x400152a8)
                [!provide]                PROVIDE (r_ea_elt_remove, 0x400154f0)
                [!provide]                PROVIDE (r_ea_finetimer_isr, 0x400155d4)
                [!provide]                PROVIDE (r_ea_init, 0x40015228)
                [!provide]                PROVIDE (r_ea_interval_create, 0x4001555c)
                [!provide]                PROVIDE (r_ea_interval_delete, 0x400155a8)
                [!provide]                PROVIDE (r_ea_interval_duration_req, 0x4001597c)
                [!provide]                PROVIDE (r_ea_interval_insert, 0x4001557c)
                [!provide]                PROVIDE (r_ea_interval_remove, 0x40015590)
                [!provide]                PROVIDE (ea_conflict_check, 0x40014e9c)
                [!provide]                PROVIDE (ea_prog_timer, 0x40014f88)
                [!provide]                PROVIDE (realloc, 0x4000becc)
                [!provide]                PROVIDE (_realloc_r, 0x4000bbe0)
                [!provide]                PROVIDE (r_ea_offset_req, 0x40015748)
                [!provide]                PROVIDE (r_ea_sleep_check, 0x40015928)
                [!provide]                PROVIDE (r_ea_sw_isr, 0x40015724)
                [!provide]                PROVIDE (r_ea_time_get_halfslot_rounded, 0x40015894)
                [!provide]                PROVIDE (r_ea_time_get_slot_rounded, 0x400158d4)
                [!provide]                PROVIDE (r_ecc_abort_key256_generation, 0x40017070)
                [!provide]                PROVIDE (r_ecc_generate_key256, 0x40016e00)
                [!provide]                PROVIDE (r_ecc_gen_new_public_key, 0x400170c0)
                [!provide]                PROVIDE (r_ecc_gen_new_secret_key, 0x400170e4)
                [!provide]                PROVIDE (r_ecc_get_debug_Keys, 0x40017224)
                [!provide]                PROVIDE (r_ecc_init, 0x40016dbc)
                [!provide]                PROVIDE (RecvBuff, 0x3ffe009c)
                [!provide]                PROVIDE (r_em_buf_init, 0x4001729c)
                [!provide]                PROVIDE (r_em_buf_rx_buff_addr_get, 0x400173e8)
                [!provide]                PROVIDE (r_em_buf_rx_free, 0x400173c4)
                [!provide]                PROVIDE (r_em_buf_tx_buff_addr_get, 0x40017404)
                [!provide]                PROVIDE (r_em_buf_tx_free, 0x4001741c)
                [!provide]                PROVIDE (_rename_r, 0x4000bc28)
                [!provide]                PROVIDE (r_F1_256, 0x400133e4)
                [!provide]                PROVIDE (r_F2_256, 0x40013568)
                [!provide]                PROVIDE (r_F3_256, 0x40013664)
                [!provide]                PROVIDE (RFPLL_ICP_TABLE, 0x3ffb8b7c)
                [!provide]                PROVIDE (r_G_256, 0x40013470)
                [!provide]                PROVIDE (r_H3, 0x40013760)
                [!provide]                PROVIDE (r_H4, 0x40013830)
                [!provide]                PROVIDE (r_h4tl_init, 0x40017878)
                [!provide]                PROVIDE (r_h4tl_start, 0x40017924)
                [!provide]                PROVIDE (r_h4tl_stop, 0x40017934)
                [!provide]                PROVIDE (r_h4tl_write, 0x400178d0)
                [!provide]                PROVIDE (r_H5, 0x400138dc)
                [!provide]                PROVIDE (r_hashConcat, 0x40013a38)
                [!provide]                PROVIDE (r_hci_acl_tx_data_alloc, 0x4001951c)
                [!provide]                PROVIDE (r_hci_acl_tx_data_received, 0x40019654)
                [!provide]                PROVIDE (r_hci_bt_acl_bdaddr_register, 0x40018900)
                [!provide]                PROVIDE (r_hci_bt_acl_bdaddr_unregister, 0x400189ac)
                [!provide]                PROVIDE (r_hci_bt_acl_conhdl_register, 0x4001895c)
                [!provide]                PROVIDE (r_hci_cmd_get_max_param_size, 0x400192d0)
                [!provide]                PROVIDE (r_hci_cmd_received, 0x400192f8)
                [!provide]                PROVIDE (r_hci_evt_filter_add, 0x40018a64)
                [!provide]                PROVIDE (r_hci_evt_mask_set, 0x400189e4)
                [!provide]                PROVIDE (r_hci_fc_acl_buf_size_set, 0x40017988)
                [!provide]                PROVIDE (r_hci_fc_acl_en, 0x400179d8)
                [!provide]                PROVIDE (r_hci_fc_acl_packet_sent, 0x40017a3c)
                [!provide]                PROVIDE (r_hci_fc_check_host_available_nb_acl_packets, 0x40017aa4)
                [!provide]                PROVIDE (r_hci_fc_check_host_available_nb_sync_packets, 0x40017ac8)
                [!provide]                PROVIDE (r_hci_fc_host_nb_acl_pkts_complete, 0x40017a6c)
                [!provide]                PROVIDE (r_hci_fc_host_nb_sync_pkts_complete, 0x40017a88)
                [!provide]                PROVIDE (r_hci_fc_init, 0x40017974)
                [!provide]                PROVIDE (r_hci_fc_sync_buf_size_set, 0x400179b0)
                [!provide]                PROVIDE (r_hci_fc_sync_en, 0x40017a30)
                [!provide]                PROVIDE (r_hci_fc_sync_packet_sent, 0x40017a54)
                [!provide]                PROVIDE (r_hci_init, 0x40018538)
                [!provide]                PROVIDE (r_hci_look_for_cmd_desc, 0x40018454)
                [!provide]                PROVIDE (r_hci_look_for_dbg_evt_desc, 0x400184c4)
                [!provide]                PROVIDE (r_hci_look_for_evt_desc, 0x400184a0)
                [!provide]                PROVIDE (r_hci_look_for_le_evt_desc, 0x400184e0)
                [!provide]                PROVIDE (r_hci_reset, 0x4001856c)
                [!provide]                PROVIDE (r_hci_send_2_host, 0x400185bc)
                [!provide]                PROVIDE (r_hci_sync_tx_data_alloc, 0x40019754)
                [!provide]                PROVIDE (r_hci_sync_tx_data_received, 0x400197c0)
                [!provide]                PROVIDE (r_hci_tl_init, 0x40019290)
                [!provide]                PROVIDE (r_hci_tl_send, 0x40019228)
                [!provide]                PROVIDE (r_hci_util_pack, 0x40019874)
                [!provide]                PROVIDE (r_hci_util_unpack, 0x40019998)
                [!provide]                PROVIDE (r_hci_voice_settings_get, 0x40018bdc)
                [!provide]                PROVIDE (r_hci_voice_settings_set, 0x40018be8)
                [!provide]                PROVIDE (r_HMAC, 0x40013968)
                [!provide]                PROVIDE (r_import_rf_phy_func, 0x3ffb8354)
                [!provide]                PROVIDE (r_import_rf_phy_func_p, 0x3ffafd64)
                [!provide]                PROVIDE (r_ip_funcs, 0x3ffae710)
                [!provide]                PROVIDE (r_ip_funcs_p, 0x3ffae70c)
                [!provide]                PROVIDE (r_ke_check_malloc, 0x40019de0)
                [!provide]                PROVIDE (r_ke_event_callback_set, 0x40019ba8)
                [!provide]                PROVIDE (r_ke_event_clear, 0x40019c2c)
                [!provide]                PROVIDE (r_ke_event_flush, 0x40019ccc)
                [!provide]                PROVIDE (r_ke_event_get, 0x40019c78)
                [!provide]                PROVIDE (r_ke_event_get_all, 0x40019cc0)
                [!provide]                PROVIDE (r_ke_event_init, 0x40019b90)
                [!provide]                PROVIDE (r_ke_event_schedule, 0x40019cdc)
                [!provide]                PROVIDE (r_ke_event_set, 0x40019be0)
                [!provide]                PROVIDE (r_ke_flush, 0x4001a374)
                [!provide]                PROVIDE (r_ke_free, 0x4001a014)
                [!provide]                PROVIDE (r_ke_get_max_mem_usage, 0x4001a1c8)
                [!provide]                PROVIDE (r_ke_get_mem_usage, 0x4001a1a0)
                [!provide]                PROVIDE (r_ke_init, 0x4001a318)
                [!provide]                PROVIDE (r_ke_is_free, 0x4001a184)
                [!provide]                PROVIDE (r_ke_malloc, 0x40019eb4)
                [!provide]                PROVIDE (r_ke_mem_init, 0x40019d3c)
                [!provide]                PROVIDE (r_ke_mem_is_empty, 0x40019d8c)
                [!provide]                PROVIDE (r_ke_msg_alloc, 0x4001a1e0)
                [!provide]                PROVIDE (r_ke_msg_dest_id_get, 0x4001a2e0)
                [!provide]                PROVIDE (r_ke_msg_discard, 0x4001a850)
                [!provide]                PROVIDE (r_ke_msg_forward, 0x4001a290)
                [!provide]                PROVIDE (r_ke_msg_forward_new_id, 0x4001a2ac)
                [!provide]                PROVIDE (r_ke_msg_free, 0x4001a2cc)
                [!provide]                PROVIDE (r_ke_msg_in_queue, 0x4001a2f8)
                [!provide]                PROVIDE (r_ke_msg_save, 0x4001a858)
                [!provide]                PROVIDE (r_ke_msg_send, 0x4001a234)
                [!provide]                PROVIDE (r_ke_msg_send_basic, 0x4001a26c)
                [!provide]                PROVIDE (r_ke_msg_src_id_get, 0x4001a2ec)
                [!provide]                PROVIDE (r_ke_queue_extract, 0x40055fd0)
                [!provide]                PROVIDE (r_ke_queue_insert, 0x40056020)
                [!provide]                PROVIDE (r_ke_sleep_check, 0x4001a3d8)
                [!provide]                PROVIDE (r_ke_state_get, 0x4001a7d8)
                [!provide]                PROVIDE (r_ke_state_set, 0x4001a6fc)
                [!provide]                PROVIDE (r_ke_stats_get, 0x4001a3f0)
                [!provide]                PROVIDE (r_ke_task_check, 0x4001a8a4)
                [!provide]                PROVIDE (r_ke_task_create, 0x4001a674)
                [!provide]                PROVIDE (r_ke_task_delete, 0x4001a6c0)
                [!provide]                PROVIDE (r_ke_task_init, 0x4001a650)
                [!provide]                PROVIDE (r_ke_task_msg_flush, 0x4001a860)
                [!provide]                PROVIDE (r_ke_timer_active, 0x4001ac08)
                [!provide]                PROVIDE (r_ke_timer_adjust_all, 0x4001ac30)
                [!provide]                PROVIDE (r_ke_timer_clear, 0x4001ab90)
                [!provide]                PROVIDE (r_ke_timer_init, 0x4001aa9c)
                [!provide]                PROVIDE (r_ke_timer_set, 0x4001aac0)
                [!provide]                PROVIDE (r_ke_timer_sleep_check, 0x4001ac50)
                [!provide]                PROVIDE (r_KPrimC, 0x40010ad4)
                [!provide]                PROVIDE (r_lb_clk_adj_activate, 0x4001ae70)
                [!provide]                PROVIDE (r_lb_clk_adj_id_get, 0x4001af14)
                [!provide]                PROVIDE (r_lb_clk_adj_period_update, 0x4001af20)
                [!provide]                PROVIDE (r_lb_init, 0x4001acd4)
                [!provide]                PROVIDE (r_lb_mst_key, 0x4001afc0)
                [!provide]                PROVIDE (r_lb_mst_key_cmp, 0x4001af74)
                [!provide]                PROVIDE (r_lb_mst_key_restart_enc, 0x4001b0d4)
                [!provide]                PROVIDE (r_lb_mst_start_act_bcst_enc, 0x4001b198)
                [!provide]                PROVIDE (r_lb_mst_stop_act_bcst_enc, 0x4001b24c)
                [!provide]                PROVIDE (r_lb_reset, 0x4001ad38)
                [!provide]                PROVIDE (r_lb_send_lmp, 0x4001adbc)
                [!provide]                PROVIDE (r_lb_send_pdu_clk_adj, 0x4001af3c)
                [!provide]                PROVIDE (r_lb_util_get_csb_mode, 0x4001ada4)
                [!provide]                PROVIDE (r_lb_util_get_nb_broadcast, 0x4001ad80)
                [!provide]                PROVIDE (r_lb_util_get_res_lt_addr, 0x4001ad98)
                [!provide]                PROVIDE (r_lb_util_set_nb_broadcast, 0x4001ad8c)
                [!provide]                PROVIDE (r_lc_afh_set, 0x4001cc74)
                [!provide]                PROVIDE (r_lc_afh_start, 0x4001d240)
                [!provide]                PROVIDE (r_lc_auth_cmp, 0x4001cd54)
                [!provide]                PROVIDE (r_lc_calc_link_key, 0x4001ce7c)
                [!provide]                PROVIDE (r_lc_chg_pkt_type_cmp, 0x4001d038)
                [!provide]                PROVIDE (r_lc_chg_pkt_type_cont, 0x4001cfbc)
                [!provide]                PROVIDE (r_lc_chg_pkt_type_retry, 0x4001d0ac)
                [!provide]                PROVIDE (r_lc_chk_to, 0x4001d2a8)
                [!provide]                PROVIDE (r_lc_cmd_stat_send, 0x4001c914)
                [!provide]                PROVIDE (r_lc_comb_key_svr, 0x4001d30c)
                [!provide]                PROVIDE (r_lc_con_cmp, 0x4001d44c)
                [!provide]                PROVIDE (r_lc_con_cmp_evt_send, 0x4001d4fc)
                [!provide]                PROVIDE (r_lc_conn_seq_done, 0x40021334)
                [!provide]                PROVIDE (r_lc_detach, 0x4002037c)
                [!provide]                PROVIDE (r_lc_dhkey, 0x4001d564)
                [!provide]                PROVIDE (r_lc_enc_cmp, 0x4001d8bc)
                [!provide]                PROVIDE (r_lc_enc_key_refresh, 0x4001d720)
                [!provide]                PROVIDE (r_lc_end_chk_colli, 0x4001d858)
                [!provide]                PROVIDE (r_lc_end_of_sniff_nego, 0x4001d9a4)
                [!provide]                PROVIDE (r_lc_enter_sniff_mode, 0x4001ddb8)
                [!provide]                PROVIDE (r_lc_epr_change_lk, 0x4001db38)